###############################################################################
#
# IAR ELF Linker V8.40.1.212/W32 for ARM                  02/Jun/2023  18:30:19
# Copyright 2007-2019 IAR Systems AB.
#
#    Output file  =
#        E:\AnyID\DeviceUnit\software\SM5002\Boot\SM5002\Build\Exe\Boot.out
#    Map file     =
#        E:\AnyID\DeviceUnit\software\SM5002\Boot\SM5002\Build\List\Boot.map
#    Command line =
#        -f C:\Users\qianww\AppData\Local\Temp\EW660B.tmp
#        (E:\AnyID\DeviceUnit\software\SM5002\Boot\SM5002\Build\Obj\AnyID_Boot_FRam.o
#        E:\AnyID\DeviceUnit\software\SM5002\Boot\SM5002\Build\Obj\AnyID_Boot_FRam_HL.o
#        E:\AnyID\DeviceUnit\software\SM5002\Boot\SM5002\Build\Obj\AnyID_Boot_R485.o
#        E:\AnyID\DeviceUnit\software\SM5002\Boot\SM5002\Build\Obj\AnyID_Boot_R485_HL.o
#        E:\AnyID\DeviceUnit\software\SM5002\Boot\SM5002\Build\Obj\AnyID_Boot_SysCfg.o
#        E:\AnyID\DeviceUnit\software\SM5002\Boot\SM5002\Build\Obj\AnyID_Boot_SysTick_HL.o
#        E:\AnyID\DeviceUnit\software\SM5002\Boot\SM5002\Build\Obj\AnyID_Boot_Uart.o
#        E:\AnyID\DeviceUnit\software\SM5002\Boot\SM5002\Build\Obj\AnyID_FRam.o
#        E:\AnyID\DeviceUnit\software\SM5002\Boot\SM5002\Build\Obj\AnyID_Stdlib.o
#        E:\AnyID\DeviceUnit\software\SM5002\Boot\SM5002\Build\Obj\AnyID_SysTick.o
#        E:\AnyID\DeviceUnit\software\SM5002\Boot\SM5002\Build\Obj\AnyID_Uart_Receive.o
#        E:\AnyID\DeviceUnit\software\SM5002\Boot\SM5002\Build\Obj\main.o
#        E:\AnyID\DeviceUnit\software\SM5002\Boot\SM5002\Build\Obj\misc.o
#        E:\AnyID\DeviceUnit\software\SM5002\Boot\SM5002\Build\Obj\startup_stm32f10x_md.o
#        E:\AnyID\DeviceUnit\software\SM5002\Boot\SM5002\Build\Obj\stm32f10x_flash.o
#        E:\AnyID\DeviceUnit\software\SM5002\Boot\SM5002\Build\Obj\stm32f10x_gpio.o
#        E:\AnyID\DeviceUnit\software\SM5002\Boot\SM5002\Build\Obj\stm32f10x_it.o
#        E:\AnyID\DeviceUnit\software\SM5002\Boot\SM5002\Build\Obj\stm32f10x_iwdg.o
#        E:\AnyID\DeviceUnit\software\SM5002\Boot\SM5002\Build\Obj\stm32f10x_rcc.o
#        E:\AnyID\DeviceUnit\software\SM5002\Boot\SM5002\Build\Obj\stm32f10x_spi.o
#        E:\AnyID\DeviceUnit\software\SM5002\Boot\SM5002\Build\Obj\stm32f10x_usart.o
#        E:\AnyID\DeviceUnit\software\SM5002\Boot\SM5002\Build\Obj\system_stm32f10x.o
#        --redirect _Printf=_PrintfFull --redirect _Scanf=_ScanfFull
#        --no_out_extension -o
#        E:\AnyID\DeviceUnit\software\SM5002\Boot\SM5002\Build\Exe\Boot.out
#        --map
#        E:\AnyID\DeviceUnit\software\SM5002\Boot\SM5002\Build\List\Boot.map
#        --config
#        E:\AnyID\DeviceUnit\software\SM5002\Boot\SM5002\GD32F303xC.icf
#        --semihosting --entry __iar_program_start --vfe --text_out locale)
#
###############################################################################

*******************************************************************************
*** RUNTIME MODEL ATTRIBUTES
***

CppFlavor       = *
__SystemLibrary = DLib
__dlib_version  = 6


*******************************************************************************
*** HEAP SELECTION
***

The basic heap was selected because no calls to memory allocation
functions were found in the application outside of system library
functions, and there are calls to deallocation functions in the
application.


*******************************************************************************
*** PLACEMENT SUMMARY
***

"A0":  place at address 0x800'0000 { ro section .intvec };
"P1":  place in [from 0x800'0000 to 0x803'ffff] { ro };
define block CSTACK with size = 2560, alignment = 8 { };
define block HEAP with size = 1K, alignment = 8 { };
"P2":  place in [from 0x2000'0000 to 0x2000'bfff] {
          rw, block CSTACK, block HEAP };
initialize by copy { rw };

  Section            Kind         Address    Size  Object
  -------            ----         -------    ----  ------
"A0":                                        0xec
  .intvec            ro code   0x800'0000    0xec  startup_stm32f10x_md.o [1]
                             - 0x800'00ec    0xec

"P1":                                      0x2374
  .text              ro code   0x800'00ec   0x698  AnyID_Boot_SysCfg.o [1]
  .text              ro code   0x800'0784   0x30c  stm32f10x_rcc.o [1]
  .text              ro code   0x800'0a90   0x190  stm32f10x_flash.o [1]
  .text              ro code   0x800'0c20    0xb8  misc.o [1]
  .text              ro code   0x800'0cd8    0x66  ABImemset.o [3]
  .text              ro code   0x800'0d3e    0x3a  zero_init3.o [3]
  .text              ro code   0x800'0d78    0xea  stm32f10x_gpio.o [1]
  .text              ro code   0x800'0e62    0x2e  copy_init3.o [3]
  .text              ro code   0x800'0e90   0x21c  AnyID_Boot_FRam_HL.o [1]
  .text              ro code   0x800'10ac   0x130  AnyID_Boot_FRam.o [1]
  .text              ro code   0x800'11dc   0x164  AnyID_Boot_R485_HL.o [1]
  .text              ro code   0x800'1340    0xa4  AnyID_Boot_SysTick_HL.o [1]
  .text              ro code   0x800'13e4   0x2c6  stm32f10x_usart.o [1]
  .text              ro code   0x800'16aa   0x118  AnyID_Uart_Receive.o [1]
  .text              ro code   0x800'17c4    0x68  memcmp.o [3]
  .text              ro code   0x800'182c    0xa6  ABImemcpy.o [3]
  .text              ro code   0x800'18d4    0x48  AnyID_Stdlib.o [1]
  .text              ro code   0x800'191c   0x534  AnyID_Boot_Uart.o [1]
  .text              ro code   0x800'1e50   0x236  AnyID_FRam.o [1]
  .text              ro code   0x800'2088   0x110  system_stm32f10x.o [1]
  .text              ro code   0x800'2198    0xb6  stm32f10x_it.o [1]
  .rodata            const     0x800'2250    0x34  AnyID_Boot_SysCfg.o [1]
  .text              ro code   0x800'2284    0x28  data_init.o [3]
  .iar.init_table    const     0x800'22ac    0x24  - Linker created -
  .text              ro code   0x800'22d0    0x1e  cmain.o [3]
  .text              ro code   0x800'22ee     0x4  low_level_init.o [2]
  .text              ro code   0x800'22f2    0x14  main.o [1]
  .text              ro code   0x800'2306     0x4  exit.o [2]
  .text              ro code   0x800'230c     0xa  cexit.o [3]
  .text              ro code   0x800'2318    0x14  exit.o [4]
  Initializer bytes  const     0x800'232c    0x14  <for P2-1>
  .text              ro code   0x800'2340    0x10  startup_stm32f10x_md.o [1]
  .text              ro code   0x800'2350     0xc  cstartup_M.o [3]
  .rodata            const     0x800'235c     0x8  AnyID_Boot_FRam_HL.o [1]
  .rodata            const     0x800'2364     0x8  AnyID_Boot_FRam_HL.o [1]
  .rodata            const     0x800'236c     0x8  AnyID_Boot_R485_HL.o [1]
  .rodata            const     0x800'2374     0x8  AnyID_Boot_R485_HL.o [1]
  .rodata            const     0x800'237c     0x8  AnyID_Boot_R485_HL.o [1]
  .rodata            const     0x800'2384     0x8  AnyID_Boot_SysCfg.o [1]
  .rodata            const     0x800'238c     0x8  AnyID_Boot_SysCfg.o [1]
  .rodata            const     0x800'2394     0x8  AnyID_Boot_SysCfg.o [1]
  .rodata            const     0x800'239c     0x8  AnyID_Boot_SysCfg.o [1]
  .rodata            const     0x800'23a4     0x8  AnyID_Boot_SysCfg.o [1]
  .rodata            const     0x800'23ac     0x8  AnyID_Boot_SysCfg.o [1]
  .rodata            const     0x800'23b4     0x8  AnyID_Boot_SysCfg.o [1]
  .text              ro code   0x800'23bc     0x4  startup_stm32f10x_md.o [1]
  .text              ro code   0x800'23c0     0x4  startup_stm32f10x_md.o [1]
  .text              ro code   0x800'23c4     0x4  startup_stm32f10x_md.o [1]
  .text              ro code   0x800'23c8     0x4  startup_stm32f10x_md.o [1]
  .text              ro code   0x800'23cc     0x4  startup_stm32f10x_md.o [1]
  .text              ro code   0x800'23d0     0x4  startup_stm32f10x_md.o [1]
  .text              ro code   0x800'23d4     0x4  startup_stm32f10x_md.o [1]
  .text              ro code   0x800'23d8     0x4  startup_stm32f10x_md.o [1]
  .text              ro code   0x800'23dc     0x4  startup_stm32f10x_md.o [1]
  .text              ro code   0x800'23e0     0x4  startup_stm32f10x_md.o [1]
  .text              ro code   0x800'23e4     0x4  startup_stm32f10x_md.o [1]
  .text              ro code   0x800'23e8     0x4  startup_stm32f10x_md.o [1]
  .text              ro code   0x800'23ec     0x4  startup_stm32f10x_md.o [1]
  .text              ro code   0x800'23f0     0x4  startup_stm32f10x_md.o [1]
  .text              ro code   0x800'23f4     0x4  startup_stm32f10x_md.o [1]
  .text              ro code   0x800'23f8     0x4  startup_stm32f10x_md.o [1]
  .text              ro code   0x800'23fc     0x4  startup_stm32f10x_md.o [1]
  .text              ro code   0x800'2400     0x4  startup_stm32f10x_md.o [1]
  .text              ro code   0x800'2404     0x4  startup_stm32f10x_md.o [1]
  .text              ro code   0x800'2408     0x4  startup_stm32f10x_md.o [1]
  .text              ro code   0x800'240c     0x4  startup_stm32f10x_md.o [1]
  .text              ro code   0x800'2410     0x4  startup_stm32f10x_md.o [1]
  .text              ro code   0x800'2414     0x4  startup_stm32f10x_md.o [1]
  .text              ro code   0x800'2418     0x4  startup_stm32f10x_md.o [1]
  .text              ro code   0x800'241c     0x4  startup_stm32f10x_md.o [1]
  .text              ro code   0x800'2420     0x4  startup_stm32f10x_md.o [1]
  .text              ro code   0x800'2424     0x4  startup_stm32f10x_md.o [1]
  .text              ro code   0x800'2428     0x4  startup_stm32f10x_md.o [1]
  .text              ro code   0x800'242c     0x4  startup_stm32f10x_md.o [1]
  .text              ro code   0x800'2430     0x4  startup_stm32f10x_md.o [1]
  .text              ro code   0x800'2434     0x4  startup_stm32f10x_md.o [1]
  .text              ro code   0x800'2438     0x4  startup_stm32f10x_md.o [1]
  .text              ro code   0x800'243c     0x4  startup_stm32f10x_md.o [1]
  .text              ro code   0x800'2440     0x4  startup_stm32f10x_md.o [1]
  .text              ro code   0x800'2444     0x4  startup_stm32f10x_md.o [1]
  .text              ro code   0x800'2448     0x4  startup_stm32f10x_md.o [1]
  .text              ro code   0x800'244c     0x4  startup_stm32f10x_md.o [1]
  .text              ro code   0x800'2450     0x4  startup_stm32f10x_md.o [1]
  .text              ro code   0x800'2454     0x4  startup_stm32f10x_md.o [1]
  .text              ro code   0x800'2458     0x4  startup_stm32f10x_md.o [1]
  .text              ro code   0x800'245c     0x4  startup_stm32f10x_md.o [1]
  .rodata            const     0x800'2460     0x0  zero_init3.o [3]
  .rodata            const     0x800'2460     0x0  copy_init3.o [3]
                             - 0x800'2460  0x2374

"P2", part 1 of 3:                           0x14
  P2-1                        0x2000'0000    0x14  <Init block>
    .data            inited   0x2000'0000    0x10  stm32f10x_rcc.o [1]
    .data            inited   0x2000'0010     0x4  stm32f10x_rcc.o [1]
                            - 0x2000'0014    0x14

"P2", part 2 of 3:                         0x1b44
  .bss               zero     0x2000'0014   0x90c  AnyID_Boot_R485.o [1]
  .bss               zero     0x2000'0920   0x90c  AnyID_Uart_Receive.o [1]
  .bss               zero     0x2000'122c   0x904  AnyID_Boot_Uart.o [1]
  .bss               zero     0x2000'1b30     0x8  AnyID_Boot_FRam.o [1]
  .bss               zero     0x2000'1b38     0x4  AnyID_Boot_SysCfg.o [1]
  .bss               zero     0x2000'1b3c     0x4  AnyID_Boot_SysCfg.o [1]
  .bss               zero     0x2000'1b40     0x4  AnyID_Boot_SysCfg.o [1]
  .bss               zero     0x2000'1b44     0x4  AnyID_Boot_SysCfg.o [1]
  .bss               zero     0x2000'1b48     0x4  AnyID_Boot_SysCfg.o [1]
  .bss               zero     0x2000'1b4c     0x4  AnyID_Boot_SysCfg.o [1]
  .bss               zero     0x2000'1b50     0x4  AnyID_Boot_SysTick_HL.o [1]
  .bss               zero     0x2000'1b54     0x4  AnyID_Boot_SysTick_HL.o [1]
                            - 0x2000'1b58  0x1b44

"P2", part 3 of 3:                          0xa00
  CSTACK                      0x2000'1b58   0xa00  <Block>
    CSTACK           uninit   0x2000'1b58   0xa00  <Block tail>
                            - 0x2000'2558   0xa00

Unused ranges:

         From           To      Size
         ----           --      ----
   0x800'2460   0x803'ffff  0x3'dba0
  0x2000'2558  0x2000'bfff    0x9aa8


*******************************************************************************
*** INIT TABLE
***

          Address      Size
          -------      ----
Zero (__iar_zero_init3)
    1 destination range, total size 0x1b44:
          0x2000'0014  0x1b44

Copy (__iar_copy_init3)
    1 source range, total size 0x14:
           0x800'232c    0x14
    1 destination range, total size 0x14:
          0x2000'0000    0x14



*******************************************************************************
*** MODULE SUMMARY
***

    Module                   ro code  ro data  rw data
    ------                   -------  -------  -------
command line/config:
    --------------------------------------------------
    Total:

E:\AnyID\DeviceUnit\software\SM5002\Boot\SM5002\Build\Obj: [1]
    AnyID_Boot_FRam.o            304                 8
    AnyID_Boot_FRam_HL.o         540       16
    AnyID_Boot_R485.o                            2'316
    AnyID_Boot_R485_HL.o         356       24
    AnyID_Boot_SysCfg.o        1'688      108       24
    AnyID_Boot_SysTick_HL.o      164                 8
    AnyID_Boot_Uart.o          1'332             2'308
    AnyID_FRam.o                 566
    AnyID_Stdlib.o                72
    AnyID_Uart_Receive.o         280             2'316
    main.o                        20
    misc.o                       184
    startup_stm32f10x_md.o       416
    stm32f10x_flash.o            400
    stm32f10x_gpio.o             234
    stm32f10x_it.o               182
    stm32f10x_rcc.o              780       20       20
    stm32f10x_usart.o            710
    system_stm32f10x.o           272
    --------------------------------------------------
    Total:                     8'500      168    7'000

dl7M_tlf.a: [2]
    exit.o                         4
    low_level_init.o               4
    --------------------------------------------------
    Total:                         8

rt7M_tl.a: [3]
    ABImemcpy.o                  166
    ABImemset.o                  102
    cexit.o                       10
    cmain.o                       30
    copy_init3.o                  46
    cstartup_M.o                  12
    data_init.o                   40
    memcmp.o                     104
    zero_init3.o                  58
    --------------------------------------------------
    Total:                       568

shb_l.a: [4]
    exit.o                        20
    --------------------------------------------------
    Total:                        20

    Gaps                          10        2
    Linker created                         36    2'560
------------------------------------------------------
    Grand Total:               9'106      206    9'560


*******************************************************************************
*** ENTRY LIST
***

Entry                       Address   Size  Type      Object
-----                       -------   ----  ----      ------
.iar.init_table$$Base    0x800'22ac          --   Gb  - Linker created -
.iar.init_table$$Limit   0x800'22d0          --   Gb  - Linker created -
?main                    0x800'22d1         Code  Gb  cmain.o [3]
ADCPrescTable           0x2000'0010    0x4  Data  Lc  stm32f10x_rcc.o [1]
APBAHBPrescTable        0x2000'0000   0x10  Data  Lc  stm32f10x_rcc.o [1]
BL_ReadImagePage         0x800'1e13   0x3e  Code  Gb  AnyID_Boot_Uart.o [1]
BL_WriteImagePage        0x800'1dc7   0x4c  Code  Gb  AnyID_Boot_Uart.o [1]
BusFault_Handler         0x800'219f    0x2  Code  Gb  stm32f10x_it.o [1]
CSTACK$$Base            0x2000'1b58          --   Gb  - Linker created -
CSTACK$$Limit           0x2000'2558          --   Gb  - Linker created -
DMA1_Channel1_IRQHandler
                         0x800'224d    0x2  Code  Gb  stm32f10x_it.o [1]
DebugMon_Handler         0x800'21a5    0x2  Code  Gb  stm32f10x_it.o [1]
FLASH_ErasePage          0x800'0ad7   0x54  Code  Gb  stm32f10x_flash.o [1]
FLASH_GetBank1Status     0x800'0bab   0x28  Code  Gb  stm32f10x_flash.o [1]
FLASH_Lock               0x800'0ac9    0xe  Code  Gb  stm32f10x_flash.o [1]
FLASH_PrefetchBufferCmd
                         0x800'0aa3   0x14  Code  Gb  stm32f10x_flash.o [1]
FLASH_ProgramWord        0x800'0b2b   0x80  Code  Gb  stm32f10x_flash.o [1]
FLASH_SetLatency         0x800'0a91   0x12  Code  Gb  stm32f10x_flash.o [1]
FLASH_Unlock             0x800'0ab7   0x12  Code  Gb  stm32f10x_flash.o [1]
FLASH_WaitForLastOperation
                         0x800'0bf1   0x30  Code  Gb  stm32f10x_flash.o [1]
FRAM_SCL_PORT            0x800'2364    0x8  Data  Gb  AnyID_Boot_FRam_HL.o [1]
FRAM_SDA_PORT            0x800'235c    0x8  Data  Gb  AnyID_Boot_FRam_HL.o [1]
FRam_Delayms             0x800'0ecf   0x12  Code  Gb  AnyID_Boot_FRam_HL.o [1]
FRam_I2CAck              0x800'0f69   0x30  Code  Gb  AnyID_Boot_FRam_HL.o [1]
FRam_I2CDelay            0x800'0ec1    0xe  Code  Gb  AnyID_Boot_FRam_HL.o [1]
FRam_I2CNoAck            0x800'0f99   0x30  Code  Gb  AnyID_Boot_FRam_HL.o [1]
FRam_I2CReceiveByte      0x800'1055   0x4e  Code  Gb  AnyID_Boot_FRam_HL.o [1]
FRam_I2CSendByte         0x800'100b   0x4a  Code  Gb  AnyID_Boot_FRam_HL.o [1]
FRam_I2CStart            0x800'0ee1   0x58  Code  Gb  AnyID_Boot_FRam_HL.o [1]
FRam_I2CStop             0x800'0f39   0x30  Code  Gb  AnyID_Boot_FRam_HL.o [1]
FRam_I2CWaitAck          0x800'0fc9   0x42  Code  Gb  AnyID_Boot_FRam_HL.o [1]
FRam_InitInterface       0x800'0e91   0x30  Code  Gb  AnyID_Boot_FRam_HL.o [1]
FRam_ReadBuffer          0x800'1e51   0xe2  Code  Gb  AnyID_FRam.o [1]
FRam_WriteBuffer         0x800'1fdf   0xa8  Code  Gb  AnyID_FRam.o [1]
FRam_WritePage           0x800'1f33   0xac  Code  Gb  AnyID_FRam.o [1]
Fram_ReadBootParamenter
                         0x800'10ad   0xec  Code  Gb  AnyID_Boot_FRam.o [1]
Fram_WriteBootParamenter
                         0x800'1199   0x3e  Code  Gb  AnyID_Boot_FRam.o [1]
GPIO_Init                0x800'0d79   0xea  Code  Gb  stm32f10x_gpio.o [1]
HardFault_Handler        0x800'219b    0x2  Code  Gb  stm32f10x_it.o [1]
JumpAddress             0x2000'1b4c    0x4  Data  Gb  AnyID_Boot_SysCfg.o [1]
Jump_To_Application     0x2000'1b48    0x4  Data  Gb  AnyID_Boot_SysCfg.o [1]
MemManage_Handler        0x800'219d    0x2  Code  Gb  stm32f10x_it.o [1]
NMI_Handler              0x800'2199    0x2  Code  Gb  stm32f10x_it.o [1]
NVIC_Init                0x800'0c2b   0x66  Code  Gb  misc.o [1]
NVIC_PriorityGroupConfig
                         0x800'0c21    0xa  Code  Gb  misc.o [1]
NVIC_SetVectorTable      0x800'0c91    0xc  Code  Gb  misc.o [1]
PendSV_Handler           0x800'21a7    0x2  Code  Gb  stm32f10x_it.o [1]
R485_ConfigInt           0x800'1273   0x22  Code  Gb  AnyID_Boot_R485_HL.o [1]
R485_Delayms             0x800'12d7   0x12  Code  Gb  AnyID_Boot_R485_HL.o [1]
R485_EnableInt           0x800'1295   0x30  Code  Gb  AnyID_Boot_R485_HL.o [1]
R485_InitInterface       0x800'11dd   0x96  Code  Gb  AnyID_Boot_R485_HL.o [1]
R485_PORT_CTRL           0x800'237c    0x8  Data  Gb  AnyID_Boot_R485_HL.o [1]
R485_PORT_RX             0x800'2374    0x8  Data  Gb  AnyID_Boot_R485_HL.o [1]
R485_PORT_TX             0x800'236c    0x8  Data  Gb  AnyID_Boot_R485_HL.o [1]
R485_WriteBuffer         0x800'12e9   0x42  Code  Gb  AnyID_Boot_R485_HL.o [1]
R485_WriteByte           0x800'12c5   0x12  Code  Gb  AnyID_Boot_R485_HL.o [1]
RCC_ADCCLKConfig         0x800'08ab   0x10  Code  Gb  stm32f10x_rcc.o [1]
RCC_APB1PeriphClockCmd   0x800'09af   0x1c  Code  Gb  stm32f10x_rcc.o [1]
RCC_APB1PeriphResetCmd   0x800'09e7   0x1c  Code  Gb  stm32f10x_rcc.o [1]
RCC_APB2PeriphClockCmd   0x800'0993   0x1c  Code  Gb  stm32f10x_rcc.o [1]
RCC_APB2PeriphResetCmd   0x800'09cb   0x1c  Code  Gb  stm32f10x_rcc.o [1]
RCC_DeInit               0x800'0785   0x40  Code  Gb  stm32f10x_rcc.o [1]
RCC_GetClocksFreq        0x800'08bb   0xd8  Code  Gb  stm32f10x_rcc.o [1]
RCC_GetFlagStatus        0x800'0a03   0x46  Code  Gb  stm32f10x_rcc.o [1]
RCC_GetSYSCLKSource      0x800'086f    0xa  Code  Gb  stm32f10x_rcc.o [1]
RCC_HCLKConfig           0x800'0879   0x10  Code  Gb  stm32f10x_rcc.o [1]
RCC_HSEConfig            0x800'07c5   0x3a  Code  Gb  stm32f10x_rcc.o [1]
RCC_PCLK1Config          0x800'0889   0x10  Code  Gb  stm32f10x_rcc.o [1]
RCC_PCLK2Config          0x800'0899   0x12  Code  Gb  stm32f10x_rcc.o [1]
RCC_PLLCmd               0x800'0855    0xa  Code  Gb  stm32f10x_rcc.o [1]
RCC_PLLConfig            0x800'083d   0x18  Code  Gb  stm32f10x_rcc.o [1]
RCC_SYSCLKConfig         0x800'085f   0x10  Code  Gb  stm32f10x_rcc.o [1]
RCC_WaitForHSEStartUp    0x800'07ff   0x3e  Code  Gb  stm32f10x_rcc.o [1]
Region$$Table$$Base      0x800'22ac          --   Gb  - Linker created -
Region$$Table$$Limit     0x800'22d0          --   Gb  - Linker created -
STick_InitSysTick        0x800'139d   0x26  Code  Gb  AnyID_Boot_SysTick_HL.o [1]
SVC_Handler              0x800'21a3    0x2  Code  Gb  stm32f10x_it.o [1]
SYS_BOOT_VERSION         0x800'2250   0x34  Data  Gb  AnyID_Boot_SysCfg.o [1]
SYS_OUTCTRL_B0           0x800'239c    0x8  Data  Gb  AnyID_Boot_SysCfg.o [1]
SYS_OUTCTRL_B1           0x800'23b4    0x8  Data  Gb  AnyID_Boot_SysCfg.o [1]
SYS_OUTCTRL_G0           0x800'2394    0x8  Data  Gb  AnyID_Boot_SysCfg.o [1]
SYS_OUTCTRL_G1           0x800'23ac    0x8  Data  Gb  AnyID_Boot_SysCfg.o [1]
SYS_OUTCTRL_R0           0x800'238c    0x8  Data  Gb  AnyID_Boot_SysCfg.o [1]
SYS_OUTCTRL_R1           0x800'23a4    0x8  Data  Gb  AnyID_Boot_SysCfg.o [1]
SetSysClock              0x800'20c5    0x8  Code  Lc  system_stm32f10x.o [1]
SetSysClockTo72          0x800'20cd   0xb0  Code  Lc  system_stm32f10x.o [1]
SysTick_CLKSourceConfig
                         0x800'0c9d   0x1c  Code  Gb  misc.o [1]
SysTick_Config           0x800'136d   0x30  Code  Lc  AnyID_Boot_SysTick_HL.o [1]
SysTick_Handler          0x800'21a9   0x42  Code  Gb  stm32f10x_it.o [1]
Sys_BootTask             0x800'03a9   0x3c  Code  Gb  AnyID_Boot_SysCfg.o [1]
Sys_CfgClock             0x800'00ff   0x6e  Code  Gb  AnyID_Boot_SysCfg.o [1]
Sys_CfgNVIC              0x800'018b   0x16  Code  Gb  AnyID_Boot_SysCfg.o [1]
Sys_CfgPeriphClk         0x800'016d   0x1e  Code  Gb  AnyID_Boot_SysCfg.o [1]
Sys_CheckVersion         0x800'043b   0x58  Code  Gb  AnyID_Boot_SysCfg.o [1]
Sys_Delayms              0x800'00ed   0x12  Code  Gb  AnyID_Boot_SysCfg.o [1]
Sys_Init                 0x800'024d   0x78  Code  Gb  AnyID_Boot_SysCfg.o [1]
Sys_InitOutCtrl          0x800'01a1   0xac  Code  Gb  AnyID_Boot_SysCfg.o [1]
Sys_Jump                 0x800'0363   0x46  Code  Gb  AnyID_Boot_SysCfg.o [1]
Sys_LedTask              0x800'02c5   0x9e  Code  Gb  AnyID_Boot_SysCfg.o [1]
Sys_LedTask{1}{2}::ledTimes
                        0x2000'1b44    0x4  Data  Lc  AnyID_Boot_SysCfg.o [1]
Sys_ProcessBootFrame     0x800'0493  0x296  Code  Gb  AnyID_Boot_SysCfg.o [1]
Sys_R485Task             0x800'03e5   0x56  Code  Gb  AnyID_Boot_SysCfg.o [1]
SystemInit               0x800'2089   0x3c  Code  Gb  system_stm32f10x.o [1]
USART2_IRQHandler        0x800'21eb   0x4e  Code  Gb  stm32f10x_it.o [1]
USART_ClearFlag          0x800'160b   0x10  Code  Gb  stm32f10x_usart.o [1]
USART_ClearITPendingBit
                         0x800'1685   0x26  Code  Gb  stm32f10x_usart.o [1]
USART_Cmd                0x800'1561   0x1e  Code  Gb  stm32f10x_usart.o [1]
USART_DeInit             0x800'13e5   0x90  Code  Gb  stm32f10x_usart.o [1]
USART_GetFlagStatus      0x800'15ef   0x1c  Code  Gb  stm32f10x_usart.o [1]
USART_GetITStatus        0x800'161b   0x6a  Code  Gb  stm32f10x_usart.o [1]
USART_ITConfig           0x800'157f   0x70  Code  Gb  stm32f10x_usart.o [1]
USART_Init               0x800'1475   0xd6  Code  Gb  stm32f10x_usart.o [1]
Uart_CalCrc              0x800'191d   0x58  Code  Gb  AnyID_Boot_Uart.o [1]
Uart_EraseFlash          0x800'1db1   0x16  Code  Gb  AnyID_Boot_Uart.o [1]
Uart_IsRcvFrameOver      0x800'1799   0x2a  Code  Gb  AnyID_Uart_Receive.o [1]
Uart_ReceiveFrame        0x800'16ab   0xee  Code  Gb  AnyID_Uart_Receive.o [1]
Uart_RspBoot             0x800'1a35   0x94  Code  Gb  AnyID_Boot_Uart.o [1]
Uart_RspDownload         0x800'1bf1  0x11c  Code  Gb  AnyID_Boot_Uart.o [1]
Uart_RspErase            0x800'1d0d   0x9e  Code  Gb  AnyID_Boot_Uart.o [1]
Uart_RspFrame            0x800'1975   0xc0  Code  Gb  AnyID_Boot_Uart.o [1]
Uart_RspJmp              0x800'1ac9   0x94  Code  Gb  AnyID_Boot_Uart.o [1]
Uart_RspReset            0x800'1b5d   0x94  Code  Gb  AnyID_Boot_Uart.o [1]
UsageFault_Handler       0x800'21a1    0x2  Code  Gb  stm32f10x_it.o [1]
__ICFEDIT_region_RAM_end__ {Abs}
                        0x2000'bfff         Data  Gb  <internal module>
__ICFEDIT_region_RAM_start__ {Abs}
                        0x2000'0000         Data  Gb  <internal module>
__NVIC_SetPriority       0x800'1341   0x2c  Code  Lc  AnyID_Boot_SysTick_HL.o [1]
__aeabi_memcpy           0x800'182d         Code  Gb  ABImemcpy.o [3]
__aeabi_memcpy4          0x800'184d         Code  Gb  ABImemcpy.o [3]
__aeabi_memcpy8          0x800'184d         Code  Gb  ABImemcpy.o [3]
__aeabi_memset           0x800'0cd9         Code  Gb  ABImemset.o [3]
__cmain                  0x800'22d1         Code  Gb  cmain.o [3]
__exit                   0x800'2319   0x14  Code  Gb  exit.o [4]
__iar_Memset             0x800'0cd9         Code  Gb  ABImemset.o [3]
__iar_Memset_word        0x800'0ce1         Code  Gb  ABImemset.o [3]
__iar_copy_init3         0x800'0e63   0x2e  Code  Gb  copy_init3.o [3]
__iar_data_init3         0x800'2285   0x28  Code  Gb  data_init.o [3]
__iar_program_start      0x800'2351         Code  Gb  cstartup_M.o [3]
__iar_zero_init3         0x800'0d3f   0x3a  Code  Gb  zero_init3.o [3]
__low_level_init         0x800'22ef    0x4  Code  Gb  low_level_init.o [2]
__vector_table           0x800'0000         Data  Gb  startup_stm32f10x_md.o [1]
_call_main               0x800'22dd         Code  Gb  cmain.o [3]
_exit                    0x800'230d         Code  Gb  cexit.o [3]
_main                    0x800'22eb         Code  Gb  cmain.o [3]
a_GetCrc                 0x800'18d5   0x48  Code  Gb  AnyID_Stdlib.o [1]
exit                     0x800'2307    0x4  Code  Gb  exit.o [2]
g_nDeviceNxtDownloadAddr
                        0x2000'1b40    0x4  Data  Gb  AnyID_Boot_SysCfg.o [1]
g_nDeviceNxtEraseAddr   0x2000'1b3c    0x4  Data  Gb  AnyID_Boot_SysCfg.o [1]
g_nSysDelay             0x2000'1b54    0x4  Data  Gb  AnyID_Boot_SysTick_HL.o [1]
g_nSysState             0x2000'1b38    0x4  Data  Gb  AnyID_Boot_SysCfg.o [1]
g_nSysTick              0x2000'1b50    0x4  Data  Gb  AnyID_Boot_SysTick_HL.o [1]
g_sFramBootParamenter   0x2000'1b30    0x8  Data  Gb  AnyID_Boot_FRam.o [1]
g_sR485RcvFrame         0x2000'0014  0x90c  Data  Gb  AnyID_Boot_R485.o [1]
g_sUartTempRcvFrame     0x2000'0920  0x90c  Data  Gb  AnyID_Uart_Receive.o [1]
g_sUartTxFrame          0x2000'122c  0x904  Data  Gb  AnyID_Boot_Uart.o [1]
main                     0x800'22f3   0x14  Code  Gb  main.o [1]
memcmp                   0x800'17c5         Code  Gb  memcmp.o [3]


[1] = E:\AnyID\DeviceUnit\software\SM5002\Boot\SM5002\Build\Obj
[2] = dl7M_tlf.a
[3] = rt7M_tl.a
[4] = shb_l.a

  9'106 bytes of readonly  code memory
    206 bytes of readonly  data memory
  9'560 bytes of readwrite data memory

Errors: none
Warnings: none
