###############################################################################
#
# IAR ELF Linker V8.40.1.212/W32 for ARM                  04/Apr/2023  21:03:58
# Copyright 2007-2019 IAR Systems AB.
#
#    Output file  =
#        E:\AnyID\DeviceUnit\software\SM5002\SM5002\Build\Exe\FR320P.out
#    Map file     =
#        E:\AnyID\DeviceUnit\software\SM5002\SM5002\Build\List\FR320P.map
#    Command line =
#        -f C:\Users\mayn\AppData\Local\Temp\EW8D39.tmp
#        (E:\AnyID\DeviceUnit\software\SM5002\SM5002\Build\Obj\AnyID_FRam.o
#        E:\AnyID\DeviceUnit\software\SM5002\SM5002\Build\Obj\AnyID_SM5002_AD.o
#        E:\AnyID\DeviceUnit\software\SM5002\SM5002\Build\Obj\AnyID_SM5002_AD_HL.o
#        E:\AnyID\DeviceUnit\software\SM5002\SM5002\Build\Obj\AnyID_SM5002_Device.o
#        E:\AnyID\DeviceUnit\software\SM5002\SM5002\Build\Obj\AnyID_SM5002_FRam.o
#        E:\AnyID\DeviceUnit\software\SM5002\SM5002\Build\Obj\AnyID_SM5002_FRam_HL.o
#        E:\AnyID\DeviceUnit\software\SM5002\SM5002\Build\Obj\AnyID_SM5002_R485.o
#        E:\AnyID\DeviceUnit\software\SM5002\SM5002\Build\Obj\AnyID_SM5002_R485_HL.o
#        E:\AnyID\DeviceUnit\software\SM5002\SM5002\Build\Obj\AnyID_SM5002_SysCfg.o
#        E:\AnyID\DeviceUnit\software\SM5002\SM5002\Build\Obj\AnyID_SM5002_SysTick_HL.o
#        E:\AnyID\DeviceUnit\software\SM5002\SM5002\Build\Obj\AnyID_SM5002_WDG_HL.o
#        E:\AnyID\DeviceUnit\software\SM5002\SM5002\Build\Obj\AnyID_Stdlib.o
#        E:\AnyID\DeviceUnit\software\SM5002\SM5002\Build\Obj\AnyID_Uart_Receive.o
#        E:\AnyID\DeviceUnit\software\SM5002\SM5002\Build\Obj\main.o
#        E:\AnyID\DeviceUnit\software\SM5002\SM5002\Build\Obj\misc.o
#        E:\AnyID\DeviceUnit\software\SM5002\SM5002\Build\Obj\startup_stm32f10x_hd.o
#        E:\AnyID\DeviceUnit\software\SM5002\SM5002\Build\Obj\stm32f10x_adc.o
#        E:\AnyID\DeviceUnit\software\SM5002\SM5002\Build\Obj\stm32f10x_dma.o
#        E:\AnyID\DeviceUnit\software\SM5002\SM5002\Build\Obj\stm32f10x_exti.o
#        E:\AnyID\DeviceUnit\software\SM5002\SM5002\Build\Obj\stm32f10x_flash.o
#        E:\AnyID\DeviceUnit\software\SM5002\SM5002\Build\Obj\stm32f10x_gpio.o
#        E:\AnyID\DeviceUnit\software\SM5002\SM5002\Build\Obj\stm32f10x_it.o
#        E:\AnyID\DeviceUnit\software\SM5002\SM5002\Build\Obj\stm32f10x_iwdg.o
#        E:\AnyID\DeviceUnit\software\SM5002\SM5002\Build\Obj\stm32f10x_rcc.o
#        E:\AnyID\DeviceUnit\software\SM5002\SM5002\Build\Obj\stm32f10x_spi.o
#        E:\AnyID\DeviceUnit\software\SM5002\SM5002\Build\Obj\stm32f10x_tim.o
#        E:\AnyID\DeviceUnit\software\SM5002\SM5002\Build\Obj\stm32f10x_usart.o
#        E:\AnyID\DeviceUnit\software\SM5002\SM5002\Build\Obj\system_stm32f10x.o
#        --redirect _Printf=_PrintfFull --redirect _Scanf=_ScanfFull
#        --no_out_extension -o
#        E:\AnyID\DeviceUnit\software\SM5002\SM5002\Build\Exe\FR320P.out --map
#        E:\AnyID\DeviceUnit\software\SM5002\SM5002\Build\List\FR320P.map
#        --config E:\AnyID\DeviceUnit\software\SM5002\SM5002\GD32F103x8.icf
#        --semihosting --entry __iar_program_start --vfe --text_out locale)
#
###############################################################################

*******************************************************************************
*** RUNTIME MODEL ATTRIBUTES
***

CppFlavor       = *
__SystemLibrary = DLib
__dlib_version  = 6


*******************************************************************************
*** HEAP SELECTION
***

The basic heap was selected because no calls to memory allocation
functions were found in the application outside of system library
functions, and there are calls to deallocation functions in the
application.


*******************************************************************************
*** PLACEMENT SUMMARY
***

"A0":  place at address 0x800'4000 { ro section .intvec };
"P1":  place in [from 0x800'4000 to 0x800'ffff] { ro };
define block CSTACK with size = 1K, alignment = 8 { };
define block HEAP with size = 512, alignment = 8 { };
"P2":  place in [from 0x2000'0000 to 0x2000'4fff] {
          rw, block CSTACK, block HEAP };
initialize by copy { rw };

  Section            Kind         Address    Size  Object
  -------            ----         -------    ----  ------
"A0":                                       0x130
  .intvec            ro code   0x800'4000   0x130  startup_stm32f10x_hd.o [1]
                             - 0x800'4130   0x130

"P1", part 1 of 2:                          0x994
  .text              ro code   0x800'4130   0x3e8  AnyID_SM5002_Device.o [1]
  .text              ro code   0x800'4518   0x1f8  AnyID_SM5002_FRam.o [1]
  .text              ro code   0x800'4710    0x66  ABImemset.o [3]
  .text              ro code   0x800'4776    0x3a  zero_init3.o [3]
  .text              ro code   0x800'47b0    0xea  stm32f10x_gpio.o [1]
  .text              ro code   0x800'489a   0x22a  AnyID_Uart_Receive.o [1]
                             - 0x800'4ac4   0x994

Absolute sections:                           0x32
  .rodata            const     0x800'5000    0x32  AnyID_SM5002_Device.o [1]
                             - 0x800'5032    0x32

"P1", part 2 of 2:                         0x1dc2
  .text              ro code   0x800'5032   0x236  AnyID_FRam.o [1]
  .text              ro code   0x800'5268    0x2e  copy_init3.o [3]
  .text              ro code   0x800'5298    0x48  AnyID_Stdlib.o [1]
  .text              ro code   0x800'52e0    0xa6  ABImemcpy.o [3]
  .text              ro code   0x800'5388    0x1e  U64Shr.o [3]
  .text              ro code   0x800'53a8   0x22c  AnyID_SM5002_FRam_HL.o [1]
  .text              ro code   0x800'55d4   0x37a  AnyID_SM5002_SysCfg.o [1]
  .text              ro code   0x800'5950   0x338  stm32f10x_rcc.o [1]
  .text              ro code   0x800'5c88    0x2c  stm32f10x_flash.o [1]
  .text              ro code   0x800'5cb4    0xb8  misc.o [1]
  .text              ro code   0x800'5d6c    0xa4  AnyID_SM5002_SysTick_HL.o [1]
  .text              ro code   0x800'5e10   0x150  AnyID_SM5002_AD_HL.o [1]
  .text              ro code   0x800'5f60    0x88  AnyID_SM5002_R485.o [1]
  .text              ro code   0x800'5fe8    0x88  AnyID_SM5002_AD.o [1]
  .text              ro code   0x800'6070   0x24e  stm32f10x_usart.o [1]
  .text              ro code   0x800'62c0   0x244  stm32f10x_adc.o [1]
  .text              ro code   0x800'6504   0x198  stm32f10x_dma.o [1]
  .text              ro code   0x800'669c   0x240  AnyID_SM5002_R485_HL.o [1]
  .text              ro code   0x800'68dc   0x110  system_stm32f10x.o [1]
  .text              ro code   0x800'69ec    0xf8  stm32f10x_it.o [1]
  .rodata            const     0x800'6ae4    0xb4  AnyID_SM5002_AD.o [1]
  .text              ro code   0x800'6b98    0x28  data_init.o [3]
  .iar.init_table    const     0x800'6bc0    0x24  - Linker created -
  .text              ro code   0x800'6be4    0x1e  cmain.o [3]
  .text              ro code   0x800'6c02     0x4  low_level_init.o [2]
  .text              ro code   0x800'6c06    0x18  main.o [1]
  .text              ro code   0x800'6c1e     0x4  exit.o [2]
  .text              ro code   0x800'6c24     0xa  cexit.o [3]
  .text              ro code   0x800'6c30    0x14  exit.o [4]
  Initializer bytes  const     0x800'6c44    0x18  <for P2-1>
  .text              ro code   0x800'6c5c    0x10  startup_stm32f10x_hd.o [1]
  .text              ro code   0x800'6c6c     0xc  cstartup_M.o [3]
  .rodata            const     0x800'6c78     0x8  AnyID_SM5002_AD_HL.o [1]
  .rodata            const     0x800'6c80     0x8  AnyID_SM5002_AD_HL.o [1]
  .rodata            const     0x800'6c88     0x8  AnyID_SM5002_Device.o [1]
  .rodata            const     0x800'6c90     0x8  AnyID_SM5002_Device.o [1]
  .rodata            const     0x800'6c98     0x8  AnyID_SM5002_Device.o [1]
  .rodata            const     0x800'6ca0     0x8  AnyID_SM5002_Device.o [1]
  .rodata            const     0x800'6ca8     0x8  AnyID_SM5002_Device.o [1]
  .rodata            const     0x800'6cb0     0x8  AnyID_SM5002_Device.o [1]
  .rodata            const     0x800'6cb8     0x8  AnyID_SM5002_Device.o [1]
  .rodata            const     0x800'6cc0     0x8  AnyID_SM5002_Device.o [1]
  .rodata            const     0x800'6cc8     0x8  AnyID_SM5002_Device.o [1]
  .rodata            const     0x800'6cd0     0x8  AnyID_SM5002_Device.o [1]
  .rodata            const     0x800'6cd8     0x8  AnyID_SM5002_Device.o [1]
  .rodata            const     0x800'6ce0     0x8  AnyID_SM5002_Device.o [1]
  .rodata            const     0x800'6ce8     0x8  AnyID_SM5002_FRam_HL.o [1]
  .rodata            const     0x800'6cf0     0x8  AnyID_SM5002_FRam_HL.o [1]
  .rodata            const     0x800'6cf8     0x8  AnyID_SM5002_R485_HL.o [1]
  .rodata            const     0x800'6d00     0x8  AnyID_SM5002_R485_HL.o [1]
  .rodata            const     0x800'6d08     0x8  AnyID_SM5002_R485_HL.o [1]
  .text              ro code   0x800'6d10     0x4  startup_stm32f10x_hd.o [1]
  .text              ro code   0x800'6d14     0x4  startup_stm32f10x_hd.o [1]
  .text              ro code   0x800'6d18     0x4  startup_stm32f10x_hd.o [1]
  .text              ro code   0x800'6d1c     0x4  startup_stm32f10x_hd.o [1]
  .text              ro code   0x800'6d20     0x4  startup_stm32f10x_hd.o [1]
  .text              ro code   0x800'6d24     0x4  startup_stm32f10x_hd.o [1]
  .text              ro code   0x800'6d28     0x4  startup_stm32f10x_hd.o [1]
  .text              ro code   0x800'6d2c     0x4  startup_stm32f10x_hd.o [1]
  .text              ro code   0x800'6d30     0x4  startup_stm32f10x_hd.o [1]
  .text              ro code   0x800'6d34     0x4  startup_stm32f10x_hd.o [1]
  .text              ro code   0x800'6d38     0x4  startup_stm32f10x_hd.o [1]
  .text              ro code   0x800'6d3c     0x4  startup_stm32f10x_hd.o [1]
  .text              ro code   0x800'6d40     0x4  startup_stm32f10x_hd.o [1]
  .text              ro code   0x800'6d44     0x4  startup_stm32f10x_hd.o [1]
  .text              ro code   0x800'6d48     0x4  startup_stm32f10x_hd.o [1]
  .text              ro code   0x800'6d4c     0x4  startup_stm32f10x_hd.o [1]
  .text              ro code   0x800'6d50     0x4  startup_stm32f10x_hd.o [1]
  .text              ro code   0x800'6d54     0x4  startup_stm32f10x_hd.o [1]
  .text              ro code   0x800'6d58     0x4  startup_stm32f10x_hd.o [1]
  .text              ro code   0x800'6d5c     0x4  startup_stm32f10x_hd.o [1]
  .text              ro code   0x800'6d60     0x4  startup_stm32f10x_hd.o [1]
  .text              ro code   0x800'6d64     0x4  startup_stm32f10x_hd.o [1]
  .text              ro code   0x800'6d68     0x4  startup_stm32f10x_hd.o [1]
  .text              ro code   0x800'6d6c     0x4  startup_stm32f10x_hd.o [1]
  .text              ro code   0x800'6d70     0x4  startup_stm32f10x_hd.o [1]
  .text              ro code   0x800'6d74     0x4  startup_stm32f10x_hd.o [1]
  .text              ro code   0x800'6d78     0x4  startup_stm32f10x_hd.o [1]
  .text              ro code   0x800'6d7c     0x4  startup_stm32f10x_hd.o [1]
  .text              ro code   0x800'6d80     0x4  startup_stm32f10x_hd.o [1]
  .text              ro code   0x800'6d84     0x4  startup_stm32f10x_hd.o [1]
  .text              ro code   0x800'6d88     0x4  startup_stm32f10x_hd.o [1]
  .text              ro code   0x800'6d8c     0x4  startup_stm32f10x_hd.o [1]
  .text              ro code   0x800'6d90     0x4  startup_stm32f10x_hd.o [1]
  .text              ro code   0x800'6d94     0x4  startup_stm32f10x_hd.o [1]
  .text              ro code   0x800'6d98     0x4  startup_stm32f10x_hd.o [1]
  .text              ro code   0x800'6d9c     0x4  startup_stm32f10x_hd.o [1]
  .text              ro code   0x800'6da0     0x4  startup_stm32f10x_hd.o [1]
  .text              ro code   0x800'6da4     0x4  startup_stm32f10x_hd.o [1]
  .text              ro code   0x800'6da8     0x4  startup_stm32f10x_hd.o [1]
  .text              ro code   0x800'6dac     0x4  startup_stm32f10x_hd.o [1]
  .text              ro code   0x800'6db0     0x4  startup_stm32f10x_hd.o [1]
  .text              ro code   0x800'6db4     0x4  startup_stm32f10x_hd.o [1]
  .text              ro code   0x800'6db8     0x4  startup_stm32f10x_hd.o [1]
  .text              ro code   0x800'6dbc     0x4  startup_stm32f10x_hd.o [1]
  .text              ro code   0x800'6dc0     0x4  startup_stm32f10x_hd.o [1]
  .text              ro code   0x800'6dc4     0x4  startup_stm32f10x_hd.o [1]
  .text              ro code   0x800'6dc8     0x4  startup_stm32f10x_hd.o [1]
  .text              ro code   0x800'6dcc     0x4  startup_stm32f10x_hd.o [1]
  .text              ro code   0x800'6dd0     0x4  startup_stm32f10x_hd.o [1]
  .text              ro code   0x800'6dd4     0x4  startup_stm32f10x_hd.o [1]
  .text              ro code   0x800'6dd8     0x4  startup_stm32f10x_hd.o [1]
  .text              ro code   0x800'6ddc     0x4  startup_stm32f10x_hd.o [1]
  .text              ro code   0x800'6de0     0x4  startup_stm32f10x_hd.o [1]
  .text              ro code   0x800'6de4     0x4  startup_stm32f10x_hd.o [1]
  .text              ro code   0x800'6de8     0x4  startup_stm32f10x_hd.o [1]
  .text              ro code   0x800'6dec     0x4  startup_stm32f10x_hd.o [1]
  .text              ro code   0x800'6df0     0x4  startup_stm32f10x_hd.o [1]
  .rodata            const     0x800'6df4     0x0  zero_init3.o [3]
  .rodata            const     0x800'6df4     0x0  copy_init3.o [3]
                             - 0x800'6df4  0x1dc2

"P2", part 1 of 3:                           0x18
  P2-1                        0x2000'0000    0x18  <Init block>
    .data            inited   0x2000'0000     0x4  AnyID_SM5002_SysCfg.o [1]
    .data            inited   0x2000'0004    0x10  stm32f10x_rcc.o [1]
    .data            inited   0x2000'0014     0x4  stm32f10x_rcc.o [1]
                            - 0x2000'0018    0x18

"P2", part 2 of 3:                          0xd7c
  .bss               zero     0x2000'0018   0x428  AnyID_SM5002_R485.o [1]
  .bss               zero     0x2000'0440   0x424  AnyID_SM5002_R485.o [1]
  .bss               zero     0x2000'0864   0x424  AnyID_SM5002_R485.o [1]
  .bss               zero     0x2000'0c88    0xb0  AnyID_SM5002_Device.o [1]
  .bss               zero     0x2000'0d38    0x40  AnyID_SM5002_FRam.o [1]
  .bss               zero     0x2000'0d78     0x4  AnyID_SM5002_AD_HL.o [1]
  .bss               zero     0x2000'0d7c     0x4  AnyID_SM5002_FRam.o [1]
  .bss               zero     0x2000'0d80     0x4  AnyID_SM5002_FRam.o [1]
  .bss               zero     0x2000'0d84     0x4  AnyID_SM5002_FRam.o [1]
  .bss               zero     0x2000'0d88     0x4  AnyID_SM5002_SysTick_HL.o [1]
  .bss               zero     0x2000'0d8c     0x4  AnyID_SM5002_SysTick_HL.o [1]
  .bss               zero     0x2000'0d90     0x2  stm32f10x_it.o [1]
  .bss               zero     0x2000'0d92     0x2  stm32f10x_it.o [1]
                            - 0x2000'0d94   0xd7c

"P2", part 3 of 3:                          0x400
  CSTACK                      0x2000'0d98   0x400  <Block>
    CSTACK           uninit   0x2000'0d98   0x400  <Block tail>
                            - 0x2000'1198   0x400

Unused ranges:

         From           To    Size
         ----           --    ----
   0x800'4ac4   0x800'4fff   0x53c
   0x800'6df4   0x800'ffff  0x920c
  0x2000'0d94  0x2000'0d97     0x4
  0x2000'1198  0x2000'4fff  0x3e68


*******************************************************************************
*** INIT TABLE
***

          Address      Size
          -------      ----
Zero (__iar_zero_init3)
    1 destination range, total size 0xd7c:
          0x2000'0018  0xd7c

Copy (__iar_copy_init3)
    1 source range, total size 0x18:
           0x800'6c44   0x18
    1 destination range, total size 0x18:
          0x2000'0000   0x18



*******************************************************************************
*** MODULE SUMMARY
***

    Module                     ro code  ro data  rw data  ro data
                                                           (abs)
    ------                     -------  -------  -------  -------
command line/config:
    -------------------------------------------------------------
    Total:

E:\AnyID\DeviceUnit\software\SM5002\SM5002\Build\Obj: [1]
    AnyID_FRam.o                   566
    AnyID_SM5002_AD.o              136      180
    AnyID_SM5002_AD_HL.o           336       16        4
    AnyID_SM5002_Device.o        1'000       96      176       50
    AnyID_SM5002_FRam.o            504                76
    AnyID_SM5002_FRam_HL.o         556       16
    AnyID_SM5002_R485.o            136             3'184
    AnyID_SM5002_R485_HL.o         576       24
    AnyID_SM5002_SysCfg.o          890        4        4
    AnyID_SM5002_SysTick_HL.o      164                 8
    AnyID_Stdlib.o                  72
    AnyID_Uart_Receive.o           554
    main.o                          24
    misc.o                         184
    startup_stm32f10x_hd.o         548
    stm32f10x_adc.o                580
    stm32f10x_dma.o                408
    stm32f10x_flash.o               44
    stm32f10x_gpio.o               234
    stm32f10x_it.o                 248                 4
    stm32f10x_rcc.o                824       20       20
    stm32f10x_usart.o              590
    system_stm32f10x.o             272
    -------------------------------------------------------------
    Total:                       9'446      356    3'476       50

dl7M_tln.a: [2]
    exit.o                           4
    low_level_init.o                 4
    -------------------------------------------------------------
    Total:                           8

rt7M_tl.a: [3]
    ABImemcpy.o                    166
    ABImemset.o                    102
    U64Shr.o                        30
    cexit.o                         10
    cmain.o                         30
    copy_init3.o                    46
    cstartup_M.o                    12
    data_init.o                     40
    zero_init3.o                    58
    -------------------------------------------------------------
    Total:                         494

shb_l.a: [4]
    exit.o                          20
    -------------------------------------------------------------
    Total:                          20

    Gaps                            14
    Linker created                           36    1'024
-----------------------------------------------------------------
    Grand Total:                 9'982      392    4'500       50


*******************************************************************************
*** ENTRY LIST
***

Entry                       Address   Size  Type      Object
-----                       -------   ----  ----      ------
.iar.init_table$$Base    0x800'6bc0          --   Gb  - Linker created -
.iar.init_table$$Limit   0x800'6be4          --   Gb  - Linker created -
?main                    0x800'6be5         Code  Gb  cmain.o [3]
ADCPrescTable           0x2000'0014    0x4  Data  Lc  stm32f10x_rcc.o [1]
ADC_Cmd                  0x800'636b   0x1c  Code  Gb  stm32f10x_adc.o [1]
ADC_DMACmd               0x800'6387   0x1c  Code  Gb  stm32f10x_adc.o [1]
ADC_DeInit               0x800'62c1   0x5e  Code  Gb  stm32f10x_adc.o [1]
ADC_GetCalibrationStatus
                         0x800'63cb   0x14  Code  Gb  stm32f10x_adc.o [1]
ADC_GetResetCalibrationStatus
                         0x800'63ad   0x14  Code  Gb  stm32f10x_adc.o [1]
ADC_Init                 0x800'631f   0x4c  Code  Gb  stm32f10x_adc.o [1]
ADC_RegularChannelConfig
                         0x800'63df  0x112  Code  Gb  stm32f10x_adc.o [1]
ADC_ResetCalibration     0x800'63a3    0xa  Code  Gb  stm32f10x_adc.o [1]
ADC_StartCalibration     0x800'63c1    0xa  Code  Gb  stm32f10x_adc.o [1]
AD_DmaInit               0x800'5ee7   0x5e  Code  Gb  AnyID_SM5002_AD_HL.o [1]
AD_GetTmpr               0x800'6037   0x36  Code  Gb  AnyID_SM5002_AD.o [1]
AD_Init                  0x800'5e4d   0x9a  Code  Gb  AnyID_SM5002_AD_HL.o [1]
AD_InitInterface         0x800'5e11   0x3c  Code  Gb  AnyID_SM5002_AD_HL.o [1]
AD_TEMP1_COM             0x800'6c78    0x8  Data  Gb  AnyID_SM5002_AD_HL.o [1]
AD_TEMP2_COM             0x800'6c80    0x8  Data  Gb  AnyID_SM5002_AD_HL.o [1]
APBAHBPrescTable        0x2000'0004   0x10  Data  Lc  stm32f10x_rcc.o [1]
BusFault_Handler         0x800'69f3    0x2  Code  Gb  stm32f10x_it.o [1]
CSTACK$$Base            0x2000'0d98          --   Gb  - Linker created -
CSTACK$$Limit           0x2000'1198          --   Gb  - Linker created -
DEVICE_VERSION           0x800'5000   0x32  Data  Gb  AnyID_SM5002_Device.o [1]
DEV_ADDR_CLK             0x800'6c88    0x8  Data  Gb  AnyID_SM5002_Device.o [1]
DEV_ADDR_LOAD            0x800'6c90    0x8  Data  Gb  AnyID_SM5002_Device.o [1]
DEV_ADDR_OUT             0x800'6c98    0x8  Data  Gb  AnyID_SM5002_Device.o [1]
DEV_INSEN_CLK            0x800'6cc0    0x8  Data  Gb  AnyID_SM5002_Device.o [1]
DEV_INSEN_DAT            0x800'6cc8    0x8  Data  Gb  AnyID_SM5002_Device.o [1]
DEV_INSEN_LOAD           0x800'6cd0    0x8  Data  Gb  AnyID_SM5002_Device.o [1]
DEV_INSEN_RFID0          0x800'6cd8    0x8  Data  Gb  AnyID_SM5002_Device.o [1]
DEV_INSEN_RFID1          0x800'6ce0    0x8  Data  Gb  AnyID_SM5002_Device.o [1]
DEV_OUTCTRL_CLK          0x800'6ca0    0x8  Data  Gb  AnyID_SM5002_Device.o [1]
DEV_OUTCTRL_DAT          0x800'6ca8    0x8  Data  Gb  AnyID_SM5002_Device.o [1]
DEV_OUTCTRL_EN0          0x800'6cb0    0x8  Data  Gb  AnyID_SM5002_Device.o [1]
DEV_OUTCTRL_EN1          0x800'6cb8    0x8  Data  Gb  AnyID_SM5002_Device.o [1]
DMA1_Channel2_IRQHandler
                         0x800'6a3f   0x3a  Code  Gb  stm32f10x_it.o [1]
DMA1_Channel3_IRQHandler
                         0x800'6a1b   0x24  Code  Gb  stm32f10x_it.o [1]
DMA_Cmd                  0x800'6631   0x1c  Code  Gb  stm32f10x_dma.o [1]
DMA_DeInit               0x800'6505   0xf0  Code  Gb  stm32f10x_dma.o [1]
DMA_ITConfig             0x800'664d   0x18  Code  Gb  stm32f10x_dma.o [1]
DMA_Init                 0x800'65f5   0x3c  Code  Gb  stm32f10x_dma.o [1]
DebugMon_Handler         0x800'69f9    0x2  Code  Gb  stm32f10x_it.o [1]
Device_Delayms           0x800'4131   0x12  Code  Gb  AnyID_SM5002_Device.o [1]
Device_InitAddr          0x800'4153   0x62  Code  Gb  AnyID_SM5002_Device.o [1]
Device_InitInSensor      0x800'4347   0x7e  Code  Gb  AnyID_SM5002_Device.o [1]
Device_InitOutCtrl       0x800'423f   0x74  Code  Gb  AnyID_SM5002_Device.o [1]
Device_OutCtrl           0x800'42b3   0x94  Code  Gb  AnyID_SM5002_Device.o [1]
Device_ProcessUsrFrame   0x800'443f   0x98  Code  Gb  AnyID_SM5002_Device.o [1]
Device_ReadAddr          0x800'41b5   0x8a  Code  Gb  AnyID_SM5002_Device.o [1]
Device_ReadDeviceParamenter
                         0x800'4143   0x10  Code  Gb  AnyID_SM5002_Device.o [1]
Device_ReadInInfo        0x800'43c5   0x7a  Code  Gb  AnyID_SM5002_Device.o [1]
FLASH_PrefetchBufferCmd
                         0x800'5c9b   0x14  Code  Gb  stm32f10x_flash.o [1]
FLASH_SetLatency         0x800'5c89   0x12  Code  Gb  stm32f10x_flash.o [1]
FRAM_SCL_PORT            0x800'6cf0    0x8  Data  Gb  AnyID_SM5002_FRam_HL.o [1]
FRAM_SDA_PORT            0x800'6ce8    0x8  Data  Gb  AnyID_SM5002_FRam_HL.o [1]
FRam_Delayms             0x800'53e9   0x12  Code  Gb  AnyID_SM5002_FRam_HL.o [1]
FRam_EncryptKey          0x800'469d   0x4e  Code  Gb  AnyID_SM5002_FRam.o [1]
FRam_I2CAck              0x800'5491   0x30  Code  Gb  AnyID_SM5002_FRam_HL.o [1]
FRam_I2CDelay            0x800'53fb    0xe  Code  Gb  AnyID_SM5002_FRam_HL.o [1]
FRam_I2CNoAck            0x800'54c1   0x30  Code  Gb  AnyID_SM5002_FRam_HL.o [1]
FRam_I2CReceiveByte      0x800'557d   0x4e  Code  Gb  AnyID_SM5002_FRam_HL.o [1]
FRam_I2CSendByte         0x800'5533   0x4a  Code  Gb  AnyID_SM5002_FRam_HL.o [1]
FRam_I2CStart            0x800'5409   0x58  Code  Gb  AnyID_SM5002_FRam_HL.o [1]
FRam_I2CStop             0x800'5461   0x30  Code  Gb  AnyID_SM5002_FRam_HL.o [1]
FRam_I2CWaitAck          0x800'54f1   0x42  Code  Gb  AnyID_SM5002_FRam_HL.o [1]
FRam_InitInterface       0x800'53a9   0x40  Code  Gb  AnyID_SM5002_FRam_HL.o [1]
FRam_KeeloqEncrypt       0x800'4637   0x66  Code  Gb  AnyID_SM5002_FRam.o [1]
FRam_ReadBuffer          0x800'5033   0xe2  Code  Gb  AnyID_FRam.o [1]
FRam_ReadKey             0x800'4519   0xec  Code  Gb  AnyID_SM5002_FRam.o [1]
FRam_WriteBuffer         0x800'51c1   0xa8  Code  Gb  AnyID_FRam.o [1]
FRam_WriteKey            0x800'4605   0x32  Code  Gb  AnyID_SM5002_FRam.o [1]
FRam_WritePage           0x800'5115   0xac  Code  Gb  AnyID_FRam.o [1]
GPIO_Init                0x800'47b1   0xea  Code  Gb  stm32f10x_gpio.o [1]
HardFault_Handler        0x800'69ef    0x2  Code  Gb  stm32f10x_it.o [1]
MemManage_Handler        0x800'69f1    0x2  Code  Gb  stm32f10x_it.o [1]
NMI_Handler              0x800'69ed    0x2  Code  Gb  stm32f10x_it.o [1]
NVIC_Init                0x800'5cbf   0x66  Code  Gb  misc.o [1]
NVIC_PriorityGroupConfig
                         0x800'5cb5    0xa  Code  Gb  misc.o [1]
NVIC_SetVectorTable      0x800'5d25    0xc  Code  Gb  misc.o [1]
PendSV_Handler           0x800'69fb    0x2  Code  Gb  stm32f10x_it.o [1]
R485_ConfigInt           0x800'676b   0x2e  Code  Gb  AnyID_SM5002_R485_HL.o [1]
R485_Init                0x800'5f61   0x26  Code  Gb  AnyID_SM5002_R485.o [1]
R485_InitInterface       0x800'669d   0xce  Code  Gb  AnyID_SM5002_R485_HL.o [1]
R485_InitRxDma           0x800'6825   0x96  Code  Gb  AnyID_SM5002_R485_HL.o [1]
R485_InitTxDma           0x800'6799   0x8c  Code  Gb  AnyID_SM5002_R485_HL.o [1]
R485_PORT_CTRL           0x800'6d08    0x8  Data  Gb  AnyID_SM5002_R485_HL.o [1]
R485_PORT_RX             0x800'6d00    0x8  Data  Gb  AnyID_SM5002_R485_HL.o [1]
R485_PORT_TX             0x800'6cf8    0x8  Data  Gb  AnyID_SM5002_R485_HL.o [1]
R485_Stop                0x800'5f87   0x4e  Code  Gb  AnyID_SM5002_R485.o [1]
RCC_ADCCLKConfig         0x800'5a7d   0x10  Code  Gb  stm32f10x_rcc.o [1]
RCC_AHBPeriphClockCmd    0x800'5b65   0x1c  Code  Gb  stm32f10x_rcc.o [1]
RCC_APB1PeriphClockCmd   0x800'5b9d   0x1c  Code  Gb  stm32f10x_rcc.o [1]
RCC_APB1PeriphResetCmd   0x800'5bd5   0x1c  Code  Gb  stm32f10x_rcc.o [1]
RCC_APB2PeriphClockCmd   0x800'5b81   0x1c  Code  Gb  stm32f10x_rcc.o [1]
RCC_APB2PeriphResetCmd   0x800'5bb9   0x1c  Code  Gb  stm32f10x_rcc.o [1]
RCC_DeInit               0x800'5951   0x40  Code  Gb  stm32f10x_rcc.o [1]
RCC_GetClocksFreq        0x800'5a8d   0xd8  Code  Gb  stm32f10x_rcc.o [1]
RCC_GetFlagStatus        0x800'5bf1   0x46  Code  Gb  stm32f10x_rcc.o [1]
RCC_GetSYSCLKSource      0x800'5a3b    0xa  Code  Gb  stm32f10x_rcc.o [1]
RCC_HCLKConfig           0x800'5a45   0x10  Code  Gb  stm32f10x_rcc.o [1]
RCC_HSEConfig            0x800'5991   0x3a  Code  Gb  stm32f10x_rcc.o [1]
RCC_PCLK1Config          0x800'5a55   0x10  Code  Gb  stm32f10x_rcc.o [1]
RCC_PCLK2Config          0x800'5a65   0x12  Code  Gb  stm32f10x_rcc.o [1]
RCC_PLLCmd               0x800'5a21    0xa  Code  Gb  stm32f10x_rcc.o [1]
RCC_PLLConfig            0x800'5a09   0x18  Code  Gb  stm32f10x_rcc.o [1]
RCC_SYSCLKConfig         0x800'5a2b   0x10  Code  Gb  stm32f10x_rcc.o [1]
RCC_USBCLKConfig         0x800'5a77    0x6  Code  Gb  stm32f10x_rcc.o [1]
RCC_WaitForHSEStartUp    0x800'59cb   0x3e  Code  Gb  stm32f10x_rcc.o [1]
Region$$Table$$Base      0x800'6bc0          --   Gb  - Linker created -
Region$$Table$$Limit     0x800'6be4          --   Gb  - Linker created -
STick_InitSysTick        0x800'5dc9   0x26  Code  Gb  AnyID_SM5002_SysTick_HL.o [1]
SVC_Handler              0x800'69f7    0x2  Code  Gb  stm32f10x_it.o [1]
SetSysClock              0x800'6919    0x8  Code  Lc  system_stm32f10x.o [1]
SetSysClockTo72          0x800'6921   0xb0  Code  Lc  system_stm32f10x.o [1]
SysTick_CLKSourceConfig
                         0x800'5d31   0x1c  Code  Gb  misc.o [1]
SysTick_Config           0x800'5d99   0x30  Code  Lc  AnyID_SM5002_SysTick_HL.o [1]
SysTick_Handler          0x800'69fd   0x1e  Code  Gb  stm32f10x_it.o [1]
Sys_AdTask               0x800'5791   0x40  Code  Gb  AnyID_SM5002_SysCfg.o [1]
Sys_CfgClock             0x800'55e7   0x78  Code  Gb  AnyID_SM5002_SysCfg.o [1]
Sys_CfgNVIC              0x800'5687   0x18  Code  Gb  AnyID_SM5002_SysCfg.o [1]
Sys_CfgPeriphClk         0x800'565f   0x28  Code  Gb  AnyID_SM5002_SysCfg.o [1]
Sys_Delayms              0x800'55d5   0x12  Code  Gb  AnyID_SM5002_SysCfg.o [1]
Sys_DeviceTask           0x800'594d    0x2  Code  Gb  AnyID_SM5002_SysCfg.o [1]
Sys_Init                 0x800'569f   0xe0  Code  Gb  AnyID_SM5002_SysCfg.o [1]
Sys_LedTask              0x800'577f   0x12  Code  Gb  AnyID_SM5002_SysCfg.o [1]
Sys_R485Task             0x800'57d1  0x13e  Code  Gb  AnyID_SM5002_SysCfg.o [1]
SystemInit               0x800'68dd   0x3c  Code  Gb  system_stm32f10x.o [1]
USART3_IRQHandler        0x800'6a79   0x3a  Code  Gb  stm32f10x_it.o [1]
USART_ClearFlag          0x800'62af   0x10  Code  Gb  stm32f10x_usart.o [1]
USART_Cmd                0x800'61ed   0x1e  Code  Gb  stm32f10x_usart.o [1]
USART_DMACmd             0x800'627b   0x18  Code  Gb  stm32f10x_usart.o [1]
USART_DeInit             0x800'6071   0x90  Code  Gb  stm32f10x_usart.o [1]
USART_GetFlagStatus      0x800'6293   0x1c  Code  Gb  stm32f10x_usart.o [1]
USART_ITConfig           0x800'620b   0x70  Code  Gb  stm32f10x_usart.o [1]
USART_Init               0x800'6101   0xd6  Code  Gb  stm32f10x_usart.o [1]
Uart_UsrCheckFrame       0x800'49bd  0x108  Code  Gb  AnyID_Uart_Receive.o [1]
Uart_UsrResponseFrame    0x800'489b  0x122  Code  Gb  AnyID_Uart_Receive.o [1]
UsageFault_Handler       0x800'69f5    0x2  Code  Gb  stm32f10x_it.o [1]
Win_CalAvg               0x800'5fe9   0x4e  Code  Gb  AnyID_SM5002_AD.o [1]
__ICFEDIT_region_RAM_end__ {Abs}
                        0x2000'4fff         Data  Gb  <internal module>
__ICFEDIT_region_RAM_start__ {Abs}
                        0x2000'0000         Data  Gb  <internal module>
__NVIC_SetPriority       0x800'5d6d   0x2c  Code  Lc  AnyID_SM5002_SysTick_HL.o [1]
__aeabi_llsr             0x800'5389         Code  Gb  U64Shr.o [3]
__aeabi_memcpy           0x800'52e1         Code  Gb  ABImemcpy.o [3]
__aeabi_memcpy4          0x800'5301         Code  Gb  ABImemcpy.o [3]
__aeabi_memcpy8          0x800'5301         Code  Gb  ABImemcpy.o [3]
__aeabi_memset           0x800'4711         Code  Gb  ABImemset.o [3]
__cmain                  0x800'6be5         Code  Gb  cmain.o [3]
__exit                   0x800'6c31   0x14  Code  Gb  exit.o [4]
__iar_Memset             0x800'4711         Code  Gb  ABImemset.o [3]
__iar_Memset_word        0x800'4719         Code  Gb  ABImemset.o [3]
__iar_copy_init3         0x800'5269   0x2e  Code  Gb  copy_init3.o [3]
__iar_data_init3         0x800'6b99   0x28  Code  Gb  data_init.o [3]
__iar_program_start      0x800'6c6d         Code  Gb  cstartup_M.o [3]
__iar_zero_init3         0x800'4777   0x3a  Code  Gb  zero_init3.o [3]
__low_level_init         0x800'6c03    0x4  Code  Gb  low_level_init.o [2]
__vector_table           0x800'4000         Data  Gb  startup_stm32f10x_hd.o [1]
_call_main               0x800'6bf1         Code  Gb  cmain.o [3]
_exit                    0x800'6c25         Code  Gb  cexit.o [3]
_main                    0x800'6bff         Code  Gb  cmain.o [3]
a_GetCrc                 0x800'5299   0x48  Code  Gb  AnyID_Stdlib.o [1]
exit                     0x800'6c1f    0x4  Code  Gb  exit.o [2]
g_aADTmprBuf             0x800'6ae4   0xb4  Data  Gb  AnyID_SM5002_AD.o [1]
g_aAdBuffer             0x2000'0d78    0x4  Data  Gb  AnyID_SM5002_AD_HL.o [1]
g_nFRamKey1             0x2000'0d7c    0x4  Data  Gb  AnyID_SM5002_FRam.o [1]
g_nFRamKey2             0x2000'0d80    0x4  Data  Gb  AnyID_SM5002_FRam.o [1]
g_nFRamKey3             0x2000'0d84    0x4  Data  Gb  AnyID_SM5002_FRam.o [1]
g_nR485Dr               0x2000'0d92    0x2  Data  Gb  stm32f10x_it.o [1]
g_nR485Sr               0x2000'0d90    0x2  Data  Gb  stm32f10x_it.o [1]
g_nSysDelay             0x2000'0d8c    0x4  Data  Gb  AnyID_SM5002_SysTick_HL.o [1]
g_nSysState             0x2000'0000    0x4  Data  Gb  AnyID_SM5002_SysCfg.o [1]
g_nSysTick              0x2000'0d88    0x4  Data  Gb  AnyID_SM5002_SysTick_HL.o [1]
g_sDeviceOpInfo         0x2000'0c88   0xb0  Data  Gb  AnyID_SM5002_Device.o [1]
g_sFramKeyInfo          0x2000'0d38   0x40  Data  Gb  AnyID_SM5002_FRam.o [1]
g_sR485RcvFrame         0x2000'0440  0x424  Data  Gb  AnyID_SM5002_R485.o [1]
g_sR485TxFrame          0x2000'0018  0x428  Data  Gb  AnyID_SM5002_R485.o [1]
g_sUartTempRcvFrame     0x2000'0864  0x424  Data  Gb  AnyID_SM5002_R485.o [1]
main                     0x800'6c07   0x18  Code  Gb  main.o [1]


[1] = E:\AnyID\DeviceUnit\software\SM5002\SM5002\Build\Obj
[2] = dl7M_tln.a
[3] = rt7M_tl.a
[4] = shb_l.a

  9'982 bytes of readonly  code memory
    392 bytes of readonly  data memory (+ 50 absolute)
  4'500 bytes of readwrite data memory

Errors: none
Warnings: none
