###############################################################################
#
# IAR ELF Linker V8.40.1.212/W32 for ARM                  07/Jun/2023  14:12:06
# Copyright 2007-2019 IAR Systems AB.
#
#    Output file  =  E:\Git\FY\SM5002\SM5002\Build\Exe\SM5002.out
#    Map file     =  E:\Git\FY\SM5002\SM5002\Build\List\SM5002.map
#    Command line =
#        -f C:\Users\xue\AppData\Local\Temp\EW6735.tmp
#        (E:\Git\FY\SM5002\SM5002\Build\Obj\AnyID_FRam.o
#        E:\Git\FY\SM5002\SM5002\Build\Obj\AnyID_SM5002_AD.o
#        E:\Git\FY\SM5002\SM5002\Build\Obj\AnyID_SM5002_AD_HL.o
#        E:\Git\FY\SM5002\SM5002\Build\Obj\AnyID_SM5002_Bat.o
#        E:\Git\FY\SM5002\SM5002\Build\Obj\AnyID_SM5002_Bat_HL.o
#        E:\Git\FY\SM5002\SM5002\Build\Obj\AnyID_SM5002_Charge.o
#        E:\Git\FY\SM5002\SM5002\Build\Obj\AnyID_SM5002_Charge_HL.o
#        E:\Git\FY\SM5002\SM5002\Build\Obj\AnyID_SM5002_Device.o
#        E:\Git\FY\SM5002\SM5002\Build\Obj\AnyID_SM5002_FRam.o
#        E:\Git\FY\SM5002\SM5002\Build\Obj\AnyID_SM5002_FRam_HL.o
#        E:\Git\FY\SM5002\SM5002\Build\Obj\AnyID_SM5002_R485.o
#        E:\Git\FY\SM5002\SM5002\Build\Obj\AnyID_SM5002_R485_HL.o
#        E:\Git\FY\SM5002\SM5002\Build\Obj\AnyID_SM5002_SysCfg.o
#        E:\Git\FY\SM5002\SM5002\Build\Obj\AnyID_SM5002_SysTick_HL.o
#        E:\Git\FY\SM5002\SM5002\Build\Obj\AnyID_SM5002_WDG_HL.o
#        E:\Git\FY\SM5002\SM5002\Build\Obj\AnyID_Stdlib.o
#        E:\Git\FY\SM5002\SM5002\Build\Obj\AnyID_Uart_Receive.o
#        E:\Git\FY\SM5002\SM5002\Build\Obj\main.o
#        E:\Git\FY\SM5002\SM5002\Build\Obj\misc.o
#        E:\Git\FY\SM5002\SM5002\Build\Obj\startup_stm32f10x_hd.o
#        E:\Git\FY\SM5002\SM5002\Build\Obj\stm32f10x_adc.o
#        E:\Git\FY\SM5002\SM5002\Build\Obj\stm32f10x_dma.o
#        E:\Git\FY\SM5002\SM5002\Build\Obj\stm32f10x_exti.o
#        E:\Git\FY\SM5002\SM5002\Build\Obj\stm32f10x_flash.o
#        E:\Git\FY\SM5002\SM5002\Build\Obj\stm32f10x_gpio.o
#        E:\Git\FY\SM5002\SM5002\Build\Obj\stm32f10x_it.o
#        E:\Git\FY\SM5002\SM5002\Build\Obj\stm32f10x_iwdg.o
#        E:\Git\FY\SM5002\SM5002\Build\Obj\stm32f10x_rcc.o
#        E:\Git\FY\SM5002\SM5002\Build\Obj\stm32f10x_spi.o
#        E:\Git\FY\SM5002\SM5002\Build\Obj\stm32f10x_tim.o
#        E:\Git\FY\SM5002\SM5002\Build\Obj\stm32f10x_usart.o
#        E:\Git\FY\SM5002\SM5002\Build\Obj\system_stm32f10x.o --redirect
#        _Printf=_PrintfFull --redirect _Scanf=_ScanfFull --no_out_extension -o
#        E:\Git\FY\SM5002\SM5002\Build\Exe\SM5002.out --map
#        E:\Git\FY\SM5002\SM5002\Build\List\SM5002.map --config
#        E:\Git\FY\SM5002\SM5002\GD32F303xC.icf --semihosting --entry
#        __iar_program_start --vfe --text_out locale)
#
###############################################################################

*******************************************************************************
*** RUNTIME MODEL ATTRIBUTES
***

CppFlavor       = *
__SystemLibrary = DLib
__dlib_version  = 6


*******************************************************************************
*** HEAP SELECTION
***

The basic heap was selected because no calls to memory allocation
functions were found in the application outside of system library
functions, and there are calls to deallocation functions in the
application.


*******************************************************************************
*** PLACEMENT SUMMARY
***

"A0":  place at address 0x800'4000 { ro section .intvec };
"P1":  place in [from 0x800'4000 to 0x803'ffff] { ro };
define block CSTACK with size = 2560, alignment = 8 { };
define block HEAP with size = 1K, alignment = 8 { };
"P2":  place in [from 0x2000'0000 to 0x2000'bfff] {
          rw, block CSTACK, block HEAP };
initialize by copy { rw };

  Section            Kind         Address    Size  Object
  -------            ----         -------    ----  ------
"A0":                                       0x130
  .intvec            ro code   0x800'4000   0x130  startup_stm32f10x_hd.o [1]
                             - 0x800'4130   0x130

"P1", part 1 of 2:                          0xa52
  .text              ro code   0x800'4130   0x8fe  AnyID_SM5002_Charge.o [1]
  .text              ro code   0x800'4a2e    0x3a  zero_init3.o [3]
  .text              ro code   0x800'4a68    0xb4  AnyID_Stdlib.o [1]
  .text              ro code   0x800'4b1c    0x66  ABImemset.o [3]
                             - 0x800'4b82   0xa52

Absolute sections:                           0x32
  .rodata            const     0x800'5000    0x32  AnyID_SM5002_Device.o [1]
                             - 0x800'5032    0x32

"P1", part 2 of 2:                         0x5b4c
  .text              ro code   0x800'5034  0x1a08  AnyID_SM5002_Device.o [1]
  .text              ro code   0x800'6a3c   0x49a  AnyID_SM5002_Bat.o [1]
  .text              ro code   0x800'6ed6   0x236  AnyID_FRam.o [1]
  .text              ro code   0x800'710c    0x2e  copy_init3.o [3]
  .text              ro code   0x800'713c   0x320  AnyID_SM5002_FRam.o [1]
  .text              ro code   0x800'745c   0x178  stm32f10x_gpio.o [1]
  .text              ro code   0x800'75d4    0xa6  ABImemcpy.o [3]
  .text              ro code   0x800'767a   0x21a  AnyID_Uart_Receive.o [1]
  .text              ro code   0x800'7894    0x68  memcmp.o [3]
  .text              ro code   0x800'78fc   0x2e0  AnyID_SM5002_R485_HL.o [1]
  .text              ro code   0x800'7bdc    0x40  stm32f10x_iwdg.o [1]
  .text              ro code   0x800'7c1c   0x564  AnyID_SM5002_Charge_HL.o [1]
  .text              ro code   0x800'8180   0x274  stm32f10x_usart.o [1]
  .text              ro code   0x800'83f4   0x5c8  AnyID_SM5002_Bat_HL.o [1]
  .text              ro code   0x800'89bc   0x22c  AnyID_SM5002_FRam_HL.o [1]
  .text              ro code   0x800'8be8    0x36  strlen.o [3]
  .text              ro code   0x800'8c20    0x1e  U64Shr.o [3]
  .text              ro code   0x800'8c40    0xb8  misc.o [1]
  .text              ro code   0x800'8cf8   0x198  stm32f10x_dma.o [1]
  .text              ro code   0x800'8e90   0x338  stm32f10x_rcc.o [1]
  .text              ro code   0x800'91c8   0xa94  AnyID_SM5002_SysCfg.o [1]
  .text              ro code   0x800'9c5c    0x2c  stm32f10x_flash.o [1]
  .text              ro code   0x800'9c88    0x22  AnyID_SM5002_WDG_HL.o [1]
  .text              ro code   0x800'9cac    0xa4  AnyID_SM5002_SysTick_HL.o [1]
  .text              ro code   0x800'9d50   0x150  AnyID_SM5002_AD_HL.o [1]
  .text              ro code   0x800'9ea0    0xac  AnyID_SM5002_R485.o [1]
  .text              ro code   0x800'9f4c    0xca  AnyID_SM5002_AD.o [1]
  .text              ro code   0x800'a018   0x250  stm32f10x_adc.o [1]
  .text              ro code   0x800'a268   0x34c  stm32f10x_it.o [1]
  .text              ro code   0x800'a5b4   0x110  system_stm32f10x.o [1]
  .rodata            const     0x800'a6c4   0x100  AnyID_Stdlib.o [1]
  .rodata            const     0x800'a7c4    0xb4  AnyID_SM5002_AD.o [1]
  .text              ro code   0x800'a878    0x4c  main.o [1]
  .text              ro code   0x800'a8c4    0x28  data_init.o [3]
  .iar.init_table    const     0x800'a8ec    0x24  - Linker created -
  .text              ro code   0x800'a910    0x1e  cmain.o [3]
  .text              ro code   0x800'a92e     0x4  low_level_init.o [2]
  .text              ro code   0x800'a932     0x4  exit.o [2]
  .text              ro code   0x800'a938     0xa  cexit.o [3]
  .text              ro code   0x800'a944    0x14  exit.o [4]
  Initializer bytes  const     0x800'a958    0x18  <for P2-1>
  .text              ro code   0x800'a970    0x10  startup_stm32f10x_hd.o [1]
  .text              ro code   0x800'a980     0xc  cstartup_M.o [3]
  .rodata            const     0x800'a98c     0x8  AnyID_SM5002_AD_HL.o [1]
  .rodata            const     0x800'a994     0x8  AnyID_SM5002_AD_HL.o [1]
  .rodata            const     0x800'a99c     0x8  AnyID_SM5002_Bat.o [1]
  .rodata            const     0x800'a9a4     0x8  AnyID_SM5002_Bat_HL.o [1]
  .rodata            const     0x800'a9ac     0x8  AnyID_SM5002_Bat_HL.o [1]
  .rodata            const     0x800'a9b4     0x8  AnyID_SM5002_Bat_HL.o [1]
  .rodata            const     0x800'a9bc     0x8  AnyID_SM5002_Bat_HL.o [1]
  .rodata            const     0x800'a9c4     0x8  AnyID_SM5002_Bat_HL.o [1]
  .rodata            const     0x800'a9cc     0x8  AnyID_SM5002_Bat_HL.o [1]
  .rodata            const     0x800'a9d4     0x8  AnyID_SM5002_Charge_HL.o [1]
  .rodata            const     0x800'a9dc     0x8  AnyID_SM5002_Charge_HL.o [1]
  .rodata            const     0x800'a9e4     0x8  AnyID_SM5002_Charge_HL.o [1]
  .rodata            const     0x800'a9ec     0x8  AnyID_SM5002_Charge_HL.o [1]
  .rodata            const     0x800'a9f4     0x8  AnyID_SM5002_Charge_HL.o [1]
  .rodata            const     0x800'a9fc     0x8  AnyID_SM5002_Charge_HL.o [1]
  .rodata            const     0x800'aa04     0x8  AnyID_SM5002_Device.o [1]
  .rodata            const     0x800'aa0c     0x8  AnyID_SM5002_Device.o [1]
  .rodata            const     0x800'aa14     0x8  AnyID_SM5002_Device.o [1]
  .rodata            const     0x800'aa1c     0x8  AnyID_SM5002_Device.o [1]
  .rodata            const     0x800'aa24     0x8  AnyID_SM5002_Device.o [1]
  .rodata            const     0x800'aa2c     0x8  AnyID_SM5002_Device.o [1]
  .rodata            const     0x800'aa34     0x8  AnyID_SM5002_Device.o [1]
  .rodata            const     0x800'aa3c     0x8  AnyID_SM5002_Device.o [1]
  .rodata            const     0x800'aa44     0x8  AnyID_SM5002_Device.o [1]
  .rodata            const     0x800'aa4c     0x8  AnyID_SM5002_Device.o [1]
  .rodata            const     0x800'aa54     0x8  AnyID_SM5002_Device.o [1]
  .rodata            const     0x800'aa5c     0x8  AnyID_SM5002_Device.o [1]
  .rodata            const     0x800'aa64     0x8  AnyID_SM5002_Device.o [1]
  .rodata            const     0x800'aa6c     0x8  AnyID_SM5002_Device.o [1]
  .rodata            const     0x800'aa74     0x8  AnyID_SM5002_Device.o [1]
  .rodata            const     0x800'aa7c     0x8  AnyID_SM5002_Device.o [1]
  .rodata            const     0x800'aa84     0x8  AnyID_SM5002_Device.o [1]
  .rodata            const     0x800'aa8c     0x8  AnyID_SM5002_Device.o [1]
  .rodata            const     0x800'aa94     0x8  AnyID_SM5002_Device.o [1]
  .rodata            const     0x800'aa9c     0x8  AnyID_SM5002_FRam_HL.o [1]
  .rodata            const     0x800'aaa4     0x8  AnyID_SM5002_FRam_HL.o [1]
  .rodata            const     0x800'aaac     0x8  AnyID_SM5002_R485_HL.o [1]
  .rodata            const     0x800'aab4     0x8  AnyID_SM5002_R485_HL.o [1]
  .rodata            const     0x800'aabc     0x8  AnyID_SM5002_R485_HL.o [1]
  .text              ro code   0x800'aac4     0x4  startup_stm32f10x_hd.o [1]
  .text              ro code   0x800'aac8     0x4  startup_stm32f10x_hd.o [1]
  .text              ro code   0x800'aacc     0x4  startup_stm32f10x_hd.o [1]
  .text              ro code   0x800'aad0     0x4  startup_stm32f10x_hd.o [1]
  .text              ro code   0x800'aad4     0x4  startup_stm32f10x_hd.o [1]
  .text              ro code   0x800'aad8     0x4  startup_stm32f10x_hd.o [1]
  .text              ro code   0x800'aadc     0x4  startup_stm32f10x_hd.o [1]
  .text              ro code   0x800'aae0     0x4  startup_stm32f10x_hd.o [1]
  .text              ro code   0x800'aae4     0x4  startup_stm32f10x_hd.o [1]
  .text              ro code   0x800'aae8     0x4  startup_stm32f10x_hd.o [1]
  .text              ro code   0x800'aaec     0x4  startup_stm32f10x_hd.o [1]
  .text              ro code   0x800'aaf0     0x4  startup_stm32f10x_hd.o [1]
  .text              ro code   0x800'aaf4     0x4  startup_stm32f10x_hd.o [1]
  .text              ro code   0x800'aaf8     0x4  startup_stm32f10x_hd.o [1]
  .text              ro code   0x800'aafc     0x4  startup_stm32f10x_hd.o [1]
  .text              ro code   0x800'ab00     0x4  startup_stm32f10x_hd.o [1]
  .text              ro code   0x800'ab04     0x4  startup_stm32f10x_hd.o [1]
  .text              ro code   0x800'ab08     0x4  startup_stm32f10x_hd.o [1]
  .text              ro code   0x800'ab0c     0x4  startup_stm32f10x_hd.o [1]
  .text              ro code   0x800'ab10     0x4  startup_stm32f10x_hd.o [1]
  .text              ro code   0x800'ab14     0x4  startup_stm32f10x_hd.o [1]
  .text              ro code   0x800'ab18     0x4  startup_stm32f10x_hd.o [1]
  .text              ro code   0x800'ab1c     0x4  startup_stm32f10x_hd.o [1]
  .text              ro code   0x800'ab20     0x4  startup_stm32f10x_hd.o [1]
  .text              ro code   0x800'ab24     0x4  startup_stm32f10x_hd.o [1]
  .text              ro code   0x800'ab28     0x4  startup_stm32f10x_hd.o [1]
  .text              ro code   0x800'ab2c     0x4  startup_stm32f10x_hd.o [1]
  .text              ro code   0x800'ab30     0x4  startup_stm32f10x_hd.o [1]
  .text              ro code   0x800'ab34     0x4  startup_stm32f10x_hd.o [1]
  .text              ro code   0x800'ab38     0x4  startup_stm32f10x_hd.o [1]
  .text              ro code   0x800'ab3c     0x4  startup_stm32f10x_hd.o [1]
  .text              ro code   0x800'ab40     0x4  startup_stm32f10x_hd.o [1]
  .text              ro code   0x800'ab44     0x4  startup_stm32f10x_hd.o [1]
  .text              ro code   0x800'ab48     0x4  startup_stm32f10x_hd.o [1]
  .text              ro code   0x800'ab4c     0x4  startup_stm32f10x_hd.o [1]
  .text              ro code   0x800'ab50     0x4  startup_stm32f10x_hd.o [1]
  .text              ro code   0x800'ab54     0x4  startup_stm32f10x_hd.o [1]
  .text              ro code   0x800'ab58     0x4  startup_stm32f10x_hd.o [1]
  .text              ro code   0x800'ab5c     0x4  startup_stm32f10x_hd.o [1]
  .text              ro code   0x800'ab60     0x4  startup_stm32f10x_hd.o [1]
  .text              ro code   0x800'ab64     0x4  startup_stm32f10x_hd.o [1]
  .text              ro code   0x800'ab68     0x4  startup_stm32f10x_hd.o [1]
  .text              ro code   0x800'ab6c     0x4  startup_stm32f10x_hd.o [1]
  .text              ro code   0x800'ab70     0x4  startup_stm32f10x_hd.o [1]
  .text              ro code   0x800'ab74     0x4  startup_stm32f10x_hd.o [1]
  .text              ro code   0x800'ab78     0x4  startup_stm32f10x_hd.o [1]
  .text              ro code   0x800'ab7c     0x4  startup_stm32f10x_hd.o [1]
  .rodata            const     0x800'ab80     0x0  zero_init3.o [3]
  .rodata            const     0x800'ab80     0x0  copy_init3.o [3]
                             - 0x800'ab80  0x5b4c

"P2", part 1 of 3:                           0x18
  P2-1                        0x2000'0000    0x18  <Init block>
    .data            inited   0x2000'0000     0x4  AnyID_SM5002_SysCfg.o [1]
    .data            inited   0x2000'0004    0x10  stm32f10x_rcc.o [1]
    .data            inited   0x2000'0014     0x4  stm32f10x_rcc.o [1]
                            - 0x2000'0018    0x18

"P2", part 2 of 3:                         0x2714
  .bss               zero     0x2000'0018  0x1aec  AnyID_SM5002_Device.o [1]
  .bss               zero     0x2000'1b04   0x228  AnyID_SM5002_R485.o [1]
  .bss               zero     0x2000'1d2c   0x224  AnyID_SM5002_R485.o [1]
  .bss               zero     0x2000'1f50   0x224  AnyID_Uart_Receive.o [1]
  .bss               zero     0x2000'2174   0x208  AnyID_SM5002_Bat.o [1]
  .bss               zero     0x2000'237c   0x1d8  AnyID_SM5002_Charge.o [1]
  .bss               zero     0x2000'2554   0x120  AnyID_SM5002_Device.o [1]
  .bss               zero     0x2000'2674    0x40  AnyID_SM5002_FRam.o [1]
  .bss               zero     0x2000'26b4    0x20  AnyID_SM5002_Device.o [1]
  .bss               zero     0x2000'26d4    0x14  AnyID_SM5002_Device.o [1]
  .bss               zero     0x2000'26e8    0x10  AnyID_SM5002_Device.o [1]
  .bss               zero     0x2000'26f8     0x8  AnyID_SM5002_FRam.o [1]
  .bss               zero     0x2000'2700     0x4  AnyID_SM5002_AD_HL.o [1]
  .bss               zero     0x2000'2704     0x4  AnyID_SM5002_FRam.o [1]
  .bss               zero     0x2000'2708     0x4  AnyID_SM5002_FRam.o [1]
  .bss               zero     0x2000'270c     0x4  AnyID_SM5002_FRam.o [1]
  .bss               zero     0x2000'2710     0x4  AnyID_SM5002_SysTick_HL.o [1]
  .bss               zero     0x2000'2714     0x4  AnyID_SM5002_SysTick_HL.o [1]
  .bss               zero     0x2000'2718     0x2  stm32f10x_it.o [1]
  .bss               zero     0x2000'271a     0x2  stm32f10x_it.o [1]
  .bss               zero     0x2000'271c     0x2  stm32f10x_it.o [1]
  .bss               zero     0x2000'271e     0x2  stm32f10x_it.o [1]
  .bss               zero     0x2000'2720     0x2  stm32f10x_it.o [1]
  .bss               zero     0x2000'2722     0x2  stm32f10x_it.o [1]
  .bss               zero     0x2000'2724     0x2  stm32f10x_it.o [1]
  .bss               zero     0x2000'2726     0x2  stm32f10x_it.o [1]
  .bss               zero     0x2000'2728     0x2  stm32f10x_it.o [1]
  .bss               zero     0x2000'272a     0x2  stm32f10x_it.o [1]
                            - 0x2000'272c  0x2714

"P2", part 3 of 3:                          0xa00
  CSTACK                      0x2000'2730   0xa00  <Block>
    CSTACK           uninit   0x2000'2730   0xa00  <Block tail>
                            - 0x2000'3130   0xa00

Unused ranges:

         From           To      Size
         ----           --      ----
   0x800'4b82   0x800'4fff     0x47e
   0x800'5032   0x800'5033       0x2
   0x800'ab80   0x803'ffff  0x3'5480
  0x2000'272c  0x2000'272f       0x4
  0x2000'3130  0x2000'bfff    0x8ed0


*******************************************************************************
*** INIT TABLE
***

          Address      Size
          -------      ----
Zero (__iar_zero_init3)
    1 destination range, total size 0x2714:
          0x2000'0018  0x2714

Copy (__iar_copy_init3)
    1 source range, total size 0x18:
           0x800'a958    0x18
    1 destination range, total size 0x18:
          0x2000'0000    0x18



*******************************************************************************
*** MODULE SUMMARY
***

    Module                     ro code  ro data  rw data  ro data
                                                           (abs)
    ------                     -------  -------  -------  -------
command line/config:
    -------------------------------------------------------------
    Total:

E:\Git\FY\SM5002\SM5002\Build\Obj: [1]
    AnyID_FRam.o                   566
    AnyID_SM5002_AD.o              202      180
    AnyID_SM5002_AD_HL.o           336       16        4
    AnyID_SM5002_Bat.o           1'178        8      520
    AnyID_SM5002_Bat_HL.o        1'480       48
    AnyID_SM5002_Charge.o        2'302               472
    AnyID_SM5002_Charge_HL.o     1'380       48
    AnyID_SM5002_Device.o        6'664      152    7'248       50
    AnyID_SM5002_FRam.o            800                84
    AnyID_SM5002_FRam_HL.o         556       16
    AnyID_SM5002_R485.o            172             1'100
    AnyID_SM5002_R485_HL.o         736       24
    AnyID_SM5002_SysCfg.o        2'708        4        4
    AnyID_SM5002_SysTick_HL.o      164                 8
    AnyID_SM5002_WDG_HL.o           34
    AnyID_Stdlib.o                 180      256
    AnyID_Uart_Receive.o           538               548
    main.o                          76
    misc.o                         184
    startup_stm32f10x_hd.o         508
    stm32f10x_adc.o                592
    stm32f10x_dma.o                408
    stm32f10x_flash.o               44
    stm32f10x_gpio.o               376
    stm32f10x_it.o                 844                20
    stm32f10x_iwdg.o                64
    stm32f10x_rcc.o                824       20       20
    stm32f10x_usart.o              628
    system_stm32f10x.o             272
    -------------------------------------------------------------
    Total:                      24'816      772   10'028       50

dl7M_tln.a: [2]
    exit.o                           4
    low_level_init.o                 4
    -------------------------------------------------------------
    Total:                           8

rt7M_tl.a: [3]
    ABImemcpy.o                    166
    ABImemset.o                    102
    U64Shr.o                        30
    cexit.o                         10
    cmain.o                         30
    copy_init3.o                    46
    cstartup_M.o                    12
    data_init.o                     40
    memcmp.o                       104
    strlen.o                        54
    zero_init3.o                    58
    -------------------------------------------------------------
    Total:                         652

shb_l.a: [4]
    exit.o                          20
    -------------------------------------------------------------
    Total:                          20

    Gaps                            14
    Linker created                           36    2'560
-----------------------------------------------------------------
    Grand Total:                25'510      808   12'588       50


*******************************************************************************
*** ENTRY LIST
***

Entry                       Address    Size  Type      Object
-----                       -------    ----  ----      ------
.iar.init_table$$Base    0x800'a8ec           --   Gb  - Linker created -
.iar.init_table$$Limit   0x800'a910           --   Gb  - Linker created -
?main                    0x800'a911          Code  Gb  cmain.o [3]
ADCPrescTable           0x2000'0014     0x4  Data  Lc  stm32f10x_rcc.o [1]
ADC_Cmd                  0x800'a0c3    0x1c  Code  Gb  stm32f10x_adc.o [1]
ADC_DMACmd               0x800'a0df    0x1c  Code  Gb  stm32f10x_adc.o [1]
ADC_DeInit               0x800'a019    0x5e  Code  Gb  stm32f10x_adc.o [1]
ADC_GetCalibrationStatus
                         0x800'a123    0x14  Code  Gb  stm32f10x_adc.o [1]
ADC_GetResetCalibrationStatus
                         0x800'a105    0x14  Code  Gb  stm32f10x_adc.o [1]
ADC_Init                 0x800'a077    0x4c  Code  Gb  stm32f10x_adc.o [1]
ADC_RegularChannelConfig
                         0x800'a137   0x11c  Code  Gb  stm32f10x_adc.o [1]
ADC_ResetCalibration     0x800'a0fb     0xa  Code  Gb  stm32f10x_adc.o [1]
ADC_StartCalibration     0x800'a119     0xa  Code  Gb  stm32f10x_adc.o [1]
AD_CheckAlarm            0x800'9fd9    0x3e  Code  Gb  AnyID_SM5002_AD.o [1]
AD_DmaInit               0x800'9e27    0x5c  Code  Gb  AnyID_SM5002_AD_HL.o [1]
AD_GetTmpr               0x800'9f9b    0x3a  Code  Gb  AnyID_SM5002_AD.o [1]
AD_Init                  0x800'9d8d    0x9a  Code  Gb  AnyID_SM5002_AD_HL.o [1]
AD_InitInterface         0x800'9d51    0x3c  Code  Gb  AnyID_SM5002_AD_HL.o [1]
AD_TEMP1_COM             0x800'a98c     0x8  Data  Gb  AnyID_SM5002_AD_HL.o [1]
AD_TEMP2_COM             0x800'a994     0x8  Data  Gb  AnyID_SM5002_AD_HL.o [1]
APBAHBPrescTable        0x2000'0004    0x10  Data  Lc  stm32f10x_rcc.o [1]
BAT_CH1_PORT_CTRL        0x800'a9b4     0x8  Data  Gb  AnyID_SM5002_Bat_HL.o [1]
BAT_CH1_PORT_RX          0x800'a9ac     0x8  Data  Gb  AnyID_SM5002_Bat_HL.o [1]
BAT_CH1_PORT_TX          0x800'a9a4     0x8  Data  Gb  AnyID_SM5002_Bat_HL.o [1]
BAT_CH2_PORT_CTRL        0x800'a9cc     0x8  Data  Gb  AnyID_SM5002_Bat_HL.o [1]
BAT_CH2_PORT_RX          0x800'a9c4     0x8  Data  Gb  AnyID_SM5002_Bat_HL.o [1]
BAT_CH2_PORT_TX          0x800'a9bc     0x8  Data  Gb  AnyID_SM5002_Bat_HL.o [1]
Bat_CheckFrame           0x800'6cf1    0x98  Code  Gb  AnyID_SM5002_Bat.o [1]
Bat_ConfigInt            0x800'8587    0x48  Code  Gb  AnyID_SM5002_Bat_HL.o [1]
Bat_DisableRxDMA         0x800'88d3    0x36  Code  Gb  AnyID_SM5002_Bat_HL.o [1]
Bat_DisableTxDMA         0x800'887f    0x54  Code  Gb  AnyID_SM5002_Bat_HL.o [1]
Bat_EnableRxDMA          0x800'883d    0x42  Code  Gb  AnyID_SM5002_Bat_HL.o [1]
Bat_EnableTxDMA          0x800'87e5    0x58  Code  Gb  AnyID_SM5002_Bat_HL.o [1]
Bat_FormatCmd            0x800'6c5b    0x96  Code  Gb  AnyID_SM5002_Bat.o [1]
Bat_FormatRxInfo         0x800'6d89    0xd4  Code  Gb  AnyID_SM5002_Bat.o [1]
Bat_GetCrc               0x800'6c19    0x42  Code  Gb  AnyID_SM5002_Bat.o [1]
Bat_GetNext              0x800'6e7d    0x5a  Code  Gb  AnyID_SM5002_Bat.o [1]
Bat_GetOp                0x800'6b39    0xe0  Code  Gb  AnyID_SM5002_Bat.o [1]
Bat_Init                 0x800'6a3d    0x70  Code  Gb  AnyID_SM5002_Bat.o [1]
Bat_InitInterface        0x800'83f5   0x192  Code  Gb  AnyID_SM5002_Bat_HL.o [1]
Bat_InitRxDma            0x800'86f5    0xf0  Code  Gb  AnyID_SM5002_Bat_HL.o [1]
Bat_InitTxDma            0x800'85cf   0x126  Code  Gb  AnyID_SM5002_Bat_HL.o [1]
Bat_Stop                 0x800'6aad    0x8c  Code  Gb  AnyID_SM5002_Bat.o [1]
Bat_UartCheckErr         0x800'8909    0x52  Code  Gb  AnyID_SM5002_Bat_HL.o [1]
BusFault_Handler         0x800'a26f     0x2  Code  Gb  stm32f10x_it.o [1]
CHAG_CH1_PORT_CTRL       0x800'a9e4     0x8  Data  Gb  AnyID_SM5002_Charge_HL.o [1]
CHAG_CH1_PORT_RX         0x800'a9dc     0x8  Data  Gb  AnyID_SM5002_Charge_HL.o [1]
CHAG_CH1_PORT_TX         0x800'a9d4     0x8  Data  Gb  AnyID_SM5002_Charge_HL.o [1]
CHAG_CH2_PORT_CTRL       0x800'a9fc     0x8  Data  Gb  AnyID_SM5002_Charge_HL.o [1]
CHAG_CH2_PORT_RX         0x800'a9f4     0x8  Data  Gb  AnyID_SM5002_Charge_HL.o [1]
CHAG_CH2_PORT_TX         0x800'a9ec     0x8  Data  Gb  AnyID_SM5002_Charge_HL.o [1]
CSTACK$$Base            0x2000'2730           --   Gb  - Linker created -
CSTACK$$Limit           0x2000'3130           --   Gb  - Linker created -
Chag_CalCrc              0x800'4261    0x56  Code  Gb  AnyID_SM5002_Charge.o [1]
Chag_CheckFrame          0x800'4483   0x100  Code  Gb  AnyID_SM5002_Charge.o [1]
Chag_ConfigInt           0x800'7d81    0x40  Code  Gb  AnyID_SM5002_Charge_HL.o [1]
Chag_Delayms             0x800'7f79    0x12  Code  Gb  AnyID_SM5002_Charge_HL.o [1]
Chag_DisableRxDMA        0x800'80cf    0x1e  Code  Gb  AnyID_SM5002_Charge_HL.o [1]
Chag_DisableTxDMA        0x800'80a1    0x2e  Code  Gb  AnyID_SM5002_Charge_HL.o [1]
Chag_EnableInt           0x800'7dc1    0x3c  Code  Gb  AnyID_SM5002_Charge_HL.o [1]
Chag_EnableRxDMA         0x800'806d    0x34  Code  Gb  AnyID_SM5002_Charge_HL.o [1]
Chag_EnableTxDMA         0x800'8023    0x4a  Code  Gb  AnyID_SM5002_Charge_HL.o [1]
Chag_FormatOpFrame       0x800'42b7   0x1cc  Code  Gb  AnyID_SM5002_Charge.o [1]
Chag_FormatRxInfo        0x800'4829   0x206  Code  Gb  AnyID_SM5002_Charge.o [1]
Chag_GetNext             0x800'4583    0x50  Code  Gb  AnyID_SM5002_Charge.o [1]
Chag_GetOp               0x800'45d3   0x23c  Code  Gb  AnyID_SM5002_Charge.o [1]
Chag_Init                0x800'4131    0x9c  Code  Gb  AnyID_SM5002_Charge.o [1]
Chag_InitInterface       0x800'7c1d   0x164  Code  Gb  AnyID_SM5002_Charge_HL.o [1]
Chag_InitRxDma           0x800'7ead    0xa0  Code  Gb  AnyID_SM5002_Charge_HL.o [1]
Chag_InitTxDma           0x800'7dfd    0xb0  Code  Gb  AnyID_SM5002_Charge_HL.o [1]
Chag_Stop                0x800'41cd    0x94  Code  Gb  AnyID_SM5002_Charge.o [1]
Chag_UartCheckErr        0x800'80ed    0x52  Code  Gb  AnyID_SM5002_Charge_HL.o [1]
Chag_WriteBuffer         0x800'7f8b    0x98  Code  Gb  AnyID_SM5002_Charge_HL.o [1]
Chag_WriteByte           0x800'7f4d    0x2c  Code  Gb  AnyID_SM5002_Charge_HL.o [1]
DEVICE_VERSION           0x800'5000    0x32  Data  Gb  AnyID_SM5002_Device.o [1]
DEV_ADDR_PIN             0x800'aa04     0x8  Data  Gb  AnyID_SM5002_Device.o [1]
DEV_INSEN_BAT_FB0        0x800'aa7c     0x8  Data  Gb  AnyID_SM5002_Device.o [1]
DEV_INSEN_BAT_FB1        0x800'aa84     0x8  Data  Gb  AnyID_SM5002_Device.o [1]
DEV_INSEN_LOCK_FB0       0x800'aa5c     0x8  Data  Gb  AnyID_SM5002_Device.o [1]
DEV_INSEN_LOCK_FB1       0x800'aa64     0x8  Data  Gb  AnyID_SM5002_Device.o [1]
DEV_INSEN_LOCK_RFID0     0x800'aa8c     0x8  Data  Gb  AnyID_SM5002_Device.o [1]
DEV_INSEN_LOCK_RFID1     0x800'aa94     0x8  Data  Gb  AnyID_SM5002_Device.o [1]
DEV_INSEN_SMK_FB0        0x800'aa6c     0x8  Data  Gb  AnyID_SM5002_Device.o [1]
DEV_INSEN_SMK_FB1        0x800'aa74     0x8  Data  Gb  AnyID_SM5002_Device.o [1]
DEV_OUTCTRL_B0           0x800'aa3c     0x8  Data  Gb  AnyID_SM5002_Device.o [1]
DEV_OUTCTRL_B1           0x800'aa54     0x8  Data  Gb  AnyID_SM5002_Device.o [1]
DEV_OUTCTRL_FAN0         0x800'aa1c     0x8  Data  Gb  AnyID_SM5002_Device.o [1]
DEV_OUTCTRL_FAN1         0x800'aa24     0x8  Data  Gb  AnyID_SM5002_Device.o [1]
DEV_OUTCTRL_G0           0x800'aa34     0x8  Data  Gb  AnyID_SM5002_Device.o [1]
DEV_OUTCTRL_G1           0x800'aa4c     0x8  Data  Gb  AnyID_SM5002_Device.o [1]
DEV_OUTCTRL_LOCK0        0x800'aa0c     0x8  Data  Gb  AnyID_SM5002_Device.o [1]
DEV_OUTCTRL_LOCK1        0x800'aa14     0x8  Data  Gb  AnyID_SM5002_Device.o [1]
DEV_OUTCTRL_R0           0x800'aa2c     0x8  Data  Gb  AnyID_SM5002_Device.o [1]
DEV_OUTCTRL_R1           0x800'aa44     0x8  Data  Gb  AnyID_SM5002_Device.o [1]
DMA1_Channel2_IRQHandler
                         0x800'a469    0x10  Code  Gb  stm32f10x_it.o [1]
DMA1_Channel3_IRQHandler
                         0x800'a441    0x28  Code  Gb  stm32f10x_it.o [1]
DMA1_Channel4_IRQHandler
                         0x800'a36f    0x3a  Code  Gb  stm32f10x_it.o [1]
DMA1_Channel5_IRQHandler
                         0x800'a347    0x28  Code  Gb  stm32f10x_it.o [1]
DMA1_Channel6_IRQHandler
                         0x800'a2c1    0x24  Code  Gb  stm32f10x_it.o [1]
DMA1_Channel7_IRQHandler
                         0x800'a2e5    0x28  Code  Gb  stm32f10x_it.o [1]
DMA2_Channel3_IRQHandler
                         0x800'a4ad    0x26  Code  Gb  stm32f10x_it.o [1]
DMA2_Channel4_5_IRQHandler
                         0x800'a4d3    0x10  Code  Gb  stm32f10x_it.o [1]
DMA_Cmd                  0x800'8e25    0x1c  Code  Gb  stm32f10x_dma.o [1]
DMA_DeInit               0x800'8cf9    0xf0  Code  Gb  stm32f10x_dma.o [1]
DMA_ITConfig             0x800'8e41    0x18  Code  Gb  stm32f10x_dma.o [1]
DMA_Init                 0x800'8de9    0x3c  Code  Gb  stm32f10x_dma.o [1]
DebugMon_Handler         0x800'a275     0x2  Code  Gb  stm32f10x_it.o [1]
Device_AddRecordInfo     0x800'5a51    0x50  Code  Gb  AnyID_SM5002_Device.o [1]
Device_Charge            0x800'6319    0x42  Code  Gb  AnyID_SM5002_Device.o [1]
Device_CheckCharge       0x800'62df    0x3a  Code  Gb  AnyID_SM5002_Device.o [1]
Device_CheckInSensor     0x800'589b    0x96  Code  Gb  AnyID_SM5002_Device.o [1]
Device_CheckLockOpen     0x800'69ed    0x26  Code  Gb  AnyID_SM5002_Device.o [1]
Device_CheckUsrFan       0x800'57b5    0x1e  Code  Gb  AnyID_SM5002_Device.o [1]
Device_CtrlDoor          0x800'56e5    0x68  Code  Gb  AnyID_SM5002_Device.o [1]
Device_CtrlFan           0x800'574d    0x68  Code  Gb  AnyID_SM5002_Device.o [1]
Device_CtrlLed           0x800'5453   0x292  Code  Gb  AnyID_SM5002_Device.o [1]
Device_Delayms           0x800'5035    0x12  Code  Gb  AnyID_SM5002_Device.o [1]
Device_FomatGateRecord   0x800'5931    0xb2  Code  Gb  AnyID_SM5002_Device.o [1]
Device_GateBorrowBat     0x800'67d5   0x214  Code  Gb  AnyID_SM5002_Device.o [1]
Device_GateCharge        0x800'6575    0x58  Code  Gb  AnyID_SM5002_Device.o [1]
Device_GateRefreshLed    0x800'6467    0x8a  Code  Gb  AnyID_SM5002_Device.o [1]
Device_GateReturnBat     0x800'65cd   0x200  Code  Gb  AnyID_SM5002_Device.o [1]
Device_GateStartup       0x800'64f1    0x7e  Code  Gb  AnyID_SM5002_Device.o [1]
Device_GetInInfoRspFrame
                         0x800'5aa1   0x16a  Code  Gb  AnyID_SM5002_Device.o [1]
Device_Init              0x800'5047    0xb4  Code  Gb  AnyID_SM5002_Device.o [1]
Device_InitAddr          0x800'5225    0x2e  Code  Gb  AnyID_SM5002_Device.o [1]
Device_InitInSensor      0x800'53a7    0xac  Code  Gb  AnyID_SM5002_Device.o [1]
Device_InitOutCtrl       0x800'529b   0x10c  Code  Gb  AnyID_SM5002_Device.o [1]
Device_OpBatRspFrame     0x800'63c7    0x58  Code  Gb  AnyID_SM5002_Device.o [1]
Device_ProcessUsrFrame   0x800'5c0b   0x66e  Code  Gb  AnyID_SM5002_Device.o [1]
Device_ReadAddr          0x800'5253    0x48  Code  Gb  AnyID_SM5002_Device.o [1]
Device_ReadDeviceParamenter
                         0x800'50fb    0xf8  Code  Gb  AnyID_SM5002_Device.o [1]
Device_ReadInInfo        0x800'57d3    0xc8  Code  Gb  AnyID_SM5002_Device.o [1]
Device_StartCharge       0x800'6279    0x66  Code  Gb  AnyID_SM5002_Device.o [1]
Device_StopCharge        0x800'635b    0x6c  Code  Gb  AnyID_SM5002_Device.o [1]
Device_WaitBatIn         0x800'641f    0x24  Code  Gb  AnyID_SM5002_Device.o [1]
Device_WaitBatOut        0x800'6443    0x24  Code  Gb  AnyID_SM5002_Device.o [1]
Device_WriteDeviceParamenter
                         0x800'51f3    0x32  Code  Gb  AnyID_SM5002_Device.o [1]
FLASH_PrefetchBufferCmd
                         0x800'9c6f    0x14  Code  Gb  stm32f10x_flash.o [1]
FLASH_SetLatency         0x800'9c5d    0x12  Code  Gb  stm32f10x_flash.o [1]
FRAM_SCL_PORT            0x800'aaa4     0x8  Data  Gb  AnyID_SM5002_FRam_HL.o [1]
FRAM_SDA_PORT            0x800'aa9c     0x8  Data  Gb  AnyID_SM5002_FRam_HL.o [1]
FRam_Delayms             0x800'89fd    0x12  Code  Gb  AnyID_SM5002_FRam_HL.o [1]
FRam_EncryptKey          0x800'73e7    0x4e  Code  Gb  AnyID_SM5002_FRam.o [1]
FRam_I2CAck              0x800'8aa5    0x30  Code  Gb  AnyID_SM5002_FRam_HL.o [1]
FRam_I2CDelay            0x800'8a0f     0xe  Code  Gb  AnyID_SM5002_FRam_HL.o [1]
FRam_I2CNoAck            0x800'8ad5    0x30  Code  Gb  AnyID_SM5002_FRam_HL.o [1]
FRam_I2CReceiveByte      0x800'8b91    0x4e  Code  Gb  AnyID_SM5002_FRam_HL.o [1]
FRam_I2CSendByte         0x800'8b47    0x4a  Code  Gb  AnyID_SM5002_FRam_HL.o [1]
FRam_I2CStart            0x800'8a1d    0x58  Code  Gb  AnyID_SM5002_FRam_HL.o [1]
FRam_I2CStop             0x800'8a75    0x30  Code  Gb  AnyID_SM5002_FRam_HL.o [1]
FRam_I2CWaitAck          0x800'8b05    0x42  Code  Gb  AnyID_SM5002_FRam_HL.o [1]
FRam_InitInterface       0x800'89bd    0x40  Code  Gb  AnyID_SM5002_FRam_HL.o [1]
FRam_KeeloqEncrypt       0x800'7381    0x66  Code  Gb  AnyID_SM5002_FRam.o [1]
FRam_ReadBuffer          0x800'6ed7    0xe2  Code  Gb  AnyID_FRam.o [1]
FRam_ReadKey             0x800'7263    0xec  Code  Gb  AnyID_SM5002_FRam.o [1]
FRam_WriteBuffer         0x800'7065    0xa8  Code  Gb  AnyID_FRam.o [1]
FRam_WriteKey            0x800'734f    0x32  Code  Gb  AnyID_SM5002_FRam.o [1]
FRam_WritePage           0x800'6fb9    0xac  Code  Gb  AnyID_FRam.o [1]
Fram_ReadBootParamenter
                         0x800'713d    0xe8  Code  Gb  AnyID_SM5002_FRam.o [1]
Fram_WriteBootParamenter
                         0x800'7225    0x3e  Code  Gb  AnyID_SM5002_FRam.o [1]
GPIO_Init                0x800'745d    0xea  Code  Gb  stm32f10x_gpio.o [1]
GPIO_PinRemapConfig      0x800'7547    0x84  Code  Gb  stm32f10x_gpio.o [1]
HardFault_Handler        0x800'a26b     0x2  Code  Gb  stm32f10x_it.o [1]
IWDG_Enable              0x800'7c05     0xa  Code  Gb  stm32f10x_iwdg.o [1]
IWDG_ReloadCounter       0x800'7bfb     0xa  Code  Gb  stm32f10x_iwdg.o [1]
IWDG_SetPrescaler        0x800'7be7     0xa  Code  Gb  stm32f10x_iwdg.o [1]
IWDG_SetReload           0x800'7bf1     0xa  Code  Gb  stm32f10x_iwdg.o [1]
IWDG_WriteAccessCmd      0x800'7bdd     0xa  Code  Gb  stm32f10x_iwdg.o [1]
MemManage_Handler        0x800'a26d     0x2  Code  Gb  stm32f10x_it.o [1]
NMI_Handler              0x800'a269     0x2  Code  Gb  stm32f10x_it.o [1]
NVIC_Init                0x800'8c4b    0x66  Code  Gb  misc.o [1]
NVIC_PriorityGroupConfig
                         0x800'8c41     0xa  Code  Gb  misc.o [1]
NVIC_SetVectorTable      0x800'8cb1     0xc  Code  Gb  misc.o [1]
PendSV_Handler           0x800'a277     0x2  Code  Gb  stm32f10x_it.o [1]
R485_ConfigInt           0x800'79cb    0x2e  Code  Gb  AnyID_SM5002_R485_HL.o [1]
R485_Delayms             0x800'7b5f    0x12  Code  Gb  AnyID_SM5002_R485_HL.o [1]
R485_DisableTxDma        0x800'7b29    0x24  Code  Gb  AnyID_SM5002_R485_HL.o [1]
R485_EnableTxDma         0x800'7b01    0x28  Code  Gb  AnyID_SM5002_R485_HL.o [1]
R485_Init                0x800'9ea1    0x40  Code  Gb  AnyID_SM5002_R485.o [1]
R485_InitInterface       0x800'78fd    0xce  Code  Gb  AnyID_SM5002_R485_HL.o [1]
R485_InitRxDma           0x800'7a6b    0x96  Code  Gb  AnyID_SM5002_R485_HL.o [1]
R485_InitTxDma           0x800'79f9    0x72  Code  Gb  AnyID_SM5002_R485_HL.o [1]
R485_PORT_CTRL           0x800'aabc     0x8  Data  Gb  AnyID_SM5002_R485_HL.o [1]
R485_PORT_RX             0x800'aab4     0x8  Data  Gb  AnyID_SM5002_R485_HL.o [1]
R485_PORT_TX             0x800'aaac     0x8  Data  Gb  AnyID_SM5002_R485_HL.o [1]
R485_Stop                0x800'9ee1    0x4e  Code  Gb  AnyID_SM5002_R485.o [1]
R485_WriteBuffer         0x800'7b71    0x42  Code  Gb  AnyID_SM5002_R485_HL.o [1]
R485_WriteByte           0x800'7b4d    0x12  Code  Gb  AnyID_SM5002_R485_HL.o [1]
RCC_ADCCLKConfig         0x800'8fbd    0x10  Code  Gb  stm32f10x_rcc.o [1]
RCC_AHBPeriphClockCmd    0x800'90a5    0x1c  Code  Gb  stm32f10x_rcc.o [1]
RCC_APB1PeriphClockCmd   0x800'90dd    0x1c  Code  Gb  stm32f10x_rcc.o [1]
RCC_APB1PeriphResetCmd   0x800'9115    0x1c  Code  Gb  stm32f10x_rcc.o [1]
RCC_APB2PeriphClockCmd   0x800'90c1    0x1c  Code  Gb  stm32f10x_rcc.o [1]
RCC_APB2PeriphResetCmd   0x800'90f9    0x1c  Code  Gb  stm32f10x_rcc.o [1]
RCC_DeInit               0x800'8e91    0x40  Code  Gb  stm32f10x_rcc.o [1]
RCC_GetClocksFreq        0x800'8fcd    0xd8  Code  Gb  stm32f10x_rcc.o [1]
RCC_GetFlagStatus        0x800'9131    0x46  Code  Gb  stm32f10x_rcc.o [1]
RCC_GetSYSCLKSource      0x800'8f7b     0xa  Code  Gb  stm32f10x_rcc.o [1]
RCC_HCLKConfig           0x800'8f85    0x10  Code  Gb  stm32f10x_rcc.o [1]
RCC_HSEConfig            0x800'8ed1    0x3a  Code  Gb  stm32f10x_rcc.o [1]
RCC_PCLK1Config          0x800'8f95    0x10  Code  Gb  stm32f10x_rcc.o [1]
RCC_PCLK2Config          0x800'8fa5    0x12  Code  Gb  stm32f10x_rcc.o [1]
RCC_PLLCmd               0x800'8f61     0xa  Code  Gb  stm32f10x_rcc.o [1]
RCC_PLLConfig            0x800'8f49    0x18  Code  Gb  stm32f10x_rcc.o [1]
RCC_SYSCLKConfig         0x800'8f6b    0x10  Code  Gb  stm32f10x_rcc.o [1]
RCC_USBCLKConfig         0x800'8fb7     0x6  Code  Gb  stm32f10x_rcc.o [1]
RCC_WaitForHSEStartUp    0x800'8f0b    0x3e  Code  Gb  stm32f10x_rcc.o [1]
Region$$Table$$Base      0x800'a8ec           --   Gb  - Linker created -
Region$$Table$$Limit     0x800'a910           --   Gb  - Linker created -
STick_InitSysTick        0x800'9d09    0x26  Code  Gb  AnyID_SM5002_SysTick_HL.o [1]
SVC_Handler              0x800'a273     0x2  Code  Gb  stm32f10x_it.o [1]
SetSysClock              0x800'a5f1     0x8  Code  Lc  system_stm32f10x.o [1]
SetSysClockTo72          0x800'a5f9    0xb0  Code  Lc  system_stm32f10x.o [1]
SysTick_CLKSourceConfig
                         0x800'8cbd    0x1c  Code  Gb  misc.o [1]
SysTick_Config           0x800'9cd9    0x30  Code  Lc  AnyID_SM5002_SysTick_HL.o [1]
SysTick_Handler          0x800'a279    0x48  Code  Gb  stm32f10x_it.o [1]
Sys_AdTask               0x800'9555    0xc6  Code  Gb  AnyID_SM5002_SysCfg.o [1]
Sys_BatTask              0x800'98c3   0x20a  Code  Gb  AnyID_SM5002_SysCfg.o [1]
Sys_CfgClock             0x800'91db    0x78  Code  Gb  AnyID_SM5002_SysCfg.o [1]
Sys_CfgNVIC              0x800'9285    0x18  Code  Gb  AnyID_SM5002_SysCfg.o [1]
Sys_CfgPeriphClk         0x800'9253    0x32  Code  Gb  AnyID_SM5002_SysCfg.o [1]
Sys_ChargeTask           0x800'96c9   0x1fa  Code  Gb  AnyID_SM5002_SysCfg.o [1]
Sys_Delayms              0x800'91c9    0x12  Code  Gb  AnyID_SM5002_SysCfg.o [1]
Sys_GateTask             0x800'9acd   0x132  Code  Gb  AnyID_SM5002_SysCfg.o [1]
Sys_Init                 0x800'929d   0x160  Code  Gb  AnyID_SM5002_SysCfg.o [1]
Sys_LedTask              0x800'93fd    0x1a  Code  Gb  AnyID_SM5002_SysCfg.o [1]
Sys_R485Task             0x800'9417   0x13e  Code  Gb  AnyID_SM5002_SysCfg.o [1]
Sys_SensorTask           0x800'961b    0xae  Code  Gb  AnyID_SM5002_SysCfg.o [1]
SystemInit               0x800'a5b5    0x3c  Code  Gb  system_stm32f10x.o [1]
UART4_IRQHandler         0x800'a4e3    0x34  Code  Gb  stm32f10x_it.o [1]
UART5_IRQHandler         0x800'a3e7    0x5a  Code  Gb  stm32f10x_it.o [1]
USART1_IRQHandler        0x800'a3a9    0x3e  Code  Gb  stm32f10x_it.o [1]
USART2_IRQHandler        0x800'a30d    0x3a  Code  Gb  stm32f10x_it.o [1]
USART3_IRQHandler        0x800'a479    0x34  Code  Gb  stm32f10x_it.o [1]
USART_ClearFlag          0x800'83bf    0x10  Code  Gb  stm32f10x_usart.o [1]
USART_ClearITPendingBit
                         0x800'83cf    0x26  Code  Gb  stm32f10x_usart.o [1]
USART_Cmd                0x800'82fd    0x1e  Code  Gb  stm32f10x_usart.o [1]
USART_DMACmd             0x800'838b    0x18  Code  Gb  stm32f10x_usart.o [1]
USART_DeInit             0x800'8181    0x90  Code  Gb  stm32f10x_usart.o [1]
USART_GetFlagStatus      0x800'83a3    0x1c  Code  Gb  stm32f10x_usart.o [1]
USART_ITConfig           0x800'831b    0x70  Code  Gb  stm32f10x_usart.o [1]
USART_Init               0x800'8211    0xd6  Code  Gb  stm32f10x_usart.o [1]
Uart_UsrCheckFrame       0x800'779d    0xf8  Code  Gb  AnyID_Uart_Receive.o [1]
Uart_UsrResponseFrame    0x800'767b   0x122  Code  Gb  AnyID_Uart_Receive.o [1]
UsageFault_Handler       0x800'a271     0x2  Code  Gb  stm32f10x_it.o [1]
WDG_InitIWDG             0x800'9c89    0x22  Code  Gb  AnyID_SM5002_WDG_HL.o [1]
Win_CalAvg               0x800'9f4d    0x4e  Code  Gb  AnyID_SM5002_AD.o [1]
__ICFEDIT_region_RAM_end__ {Abs}
                        0x2000'bfff          Data  Gb  <internal module>
__ICFEDIT_region_RAM_start__ {Abs}
                        0x2000'0000          Data  Gb  <internal module>
__NVIC_SetPriority       0x800'9cad    0x2c  Code  Lc  AnyID_SM5002_SysTick_HL.o [1]
__aeabi_llsr             0x800'8c21          Code  Gb  U64Shr.o [3]
__aeabi_memcpy           0x800'75d5          Code  Gb  ABImemcpy.o [3]
__aeabi_memcpy4          0x800'75f5          Code  Gb  ABImemcpy.o [3]
__aeabi_memcpy8          0x800'75f5          Code  Gb  ABImemcpy.o [3]
__aeabi_memset           0x800'4b1d          Code  Gb  ABImemset.o [3]
__cmain                  0x800'a911          Code  Gb  cmain.o [3]
__exit                   0x800'a945    0x14  Code  Gb  exit.o [4]
__iar_Memset             0x800'4b1d          Code  Gb  ABImemset.o [3]
__iar_Memset_word        0x800'4b25          Code  Gb  ABImemset.o [3]
__iar_copy_init3         0x800'710d    0x2e  Code  Gb  copy_init3.o [3]
__iar_data_init3         0x800'a8c5    0x28  Code  Gb  data_init.o [3]
__iar_program_start      0x800'a981          Code  Gb  cstartup_M.o [3]
__iar_zero_init3         0x800'4a2f    0x3a  Code  Gb  zero_init3.o [3]
__low_level_init         0x800'a92f     0x4  Code  Gb  low_level_init.o [2]
__vector_table           0x800'4000          Data  Gb  startup_stm32f10x_hd.o [1]
_call_main               0x800'a91d          Code  Gb  cmain.o [3]
_exit                    0x800'a939          Code  Gb  cexit.o [3]
_main                    0x800'a92b          Code  Gb  cmain.o [3]
a_GetCrc                 0x800'4a69    0x48  Code  Gb  AnyID_Stdlib.o [1]
a_Str2Hex                0x800'4ab1    0x66  Code  Gb  AnyID_Stdlib.o [1]
exit                     0x800'a933     0x4  Code  Gb  exit.o [2]
g_aADTmprBuf             0x800'a7c4    0xb4  Data  Gb  AnyID_SM5002_AD.o [1]
g_aAdBuffer             0x2000'2700     0x4  Data  Gb  AnyID_SM5002_AD_HL.o [1]
g_aAsicto                0x800'a6c4   0x100  Data  Gb  AnyID_Stdlib.o [1]
g_nBatBoardcastSn        0x800'a99c     0x8  Data  Gb  AnyID_SM5002_Bat.o [1]
g_nCh1BatDr             0x2000'2726     0x2  Data  Gb  stm32f10x_it.o [1]
g_nCh1BatSr             0x2000'2724     0x2  Data  Gb  stm32f10x_it.o [1]
g_nCh2BatDr             0x2000'272a     0x2  Data  Gb  stm32f10x_it.o [1]
g_nCh2BatSr             0x2000'2728     0x2  Data  Gb  stm32f10x_it.o [1]
g_nChagCh1Dr            0x2000'271e     0x2  Data  Gb  stm32f10x_it.o [1]
g_nChagCh1Sr            0x2000'271c     0x2  Data  Gb  stm32f10x_it.o [1]
g_nChagCh2Dr            0x2000'2722     0x2  Data  Gb  stm32f10x_it.o [1]
g_nChagCh2Sr            0x2000'2720     0x2  Data  Gb  stm32f10x_it.o [1]
g_nFRamKey1             0x2000'2704     0x4  Data  Gb  AnyID_SM5002_FRam.o [1]
g_nFRamKey2             0x2000'2708     0x4  Data  Gb  AnyID_SM5002_FRam.o [1]
g_nFRamKey3             0x2000'270c     0x4  Data  Gb  AnyID_SM5002_FRam.o [1]
g_nR485Dr               0x2000'271a     0x2  Data  Gb  stm32f10x_it.o [1]
g_nR485Sr               0x2000'2718     0x2  Data  Gb  stm32f10x_it.o [1]
g_nSysDelay             0x2000'2714     0x4  Data  Gb  AnyID_SM5002_SysTick_HL.o [1]
g_nSysState             0x2000'0000     0x4  Data  Gb  AnyID_SM5002_SysCfg.o [1]
g_nSysTick              0x2000'2710     0x4  Data  Gb  AnyID_SM5002_SysTick_HL.o [1]
g_sBatOpInfo            0x2000'2174   0x208  Data  Gb  AnyID_SM5002_Bat.o [1]
g_sChagOpInfo           0x2000'237c   0x1d8  Data  Gb  AnyID_SM5002_Charge.o [1]
g_sDeviceGateInfo       0x2000'2554   0x120  Data  Gb  AnyID_SM5002_Device.o [1]
g_sDeviceInCheck        0x2000'26e8    0x10  Data  Gb  AnyID_SM5002_Device.o [1]
g_sDeviceInfoBuf        0x2000'0018  0x1aec  Data  Gb  AnyID_SM5002_Device.o [1]
g_sDeviceOpInfo         0x2000'26d4    0x14  Data  Gb  AnyID_SM5002_Device.o [1]
g_sDeviceParams         0x2000'26b4    0x20  Data  Gb  AnyID_SM5002_Device.o [1]
g_sFramBootParamenter   0x2000'26f8     0x8  Data  Gb  AnyID_SM5002_FRam.o [1]
g_sFramKeyInfo          0x2000'2674    0x40  Data  Gb  AnyID_SM5002_FRam.o [1]
g_sR485RcvFrame         0x2000'1d2c   0x224  Data  Gb  AnyID_SM5002_R485.o [1]
g_sR485TxFrame          0x2000'1b04   0x228  Data  Gb  AnyID_SM5002_R485.o [1]
g_sUartTempRcvFrame     0x2000'1f50   0x224  Data  Gb  AnyID_Uart_Receive.o [1]
main                     0x800'a879    0x4c  Code  Gb  main.o [1]
memcmp                   0x800'7895          Code  Gb  memcmp.o [3]
strlen                   0x800'8be9          Code  Gb  strlen.o [3]


[1] = E:\Git\FY\SM5002\SM5002\Build\Obj
[2] = dl7M_tln.a
[3] = rt7M_tl.a
[4] = shb_l.a

  25'510 bytes of readonly  code memory
     808 bytes of readonly  data memory (+ 50 absolute)
  12'588 bytes of readwrite data memory

Errors: none
Warnings: none
